Component: ARM Compiler 5.06 update 6 (build 750) Tool: armlink [4d35ed]

==============================================================================

Section Cross References

    startup_stm32f10x_hd.o(RESET) refers to startup_stm32f10x_hd.o(STACK) for __initial_sp
    startup_stm32f10x_hd.o(RESET) refers to startup_stm32f10x_hd.o(.text) for Reset_Handler
    startup_stm32f10x_hd.o(RESET) refers to stm32f10x_it.o(i.NMI_Handler) for NMI_Handler
    startup_stm32f10x_hd.o(RESET) refers to stm32f10x_it.o(i.HardFault_Handler) for HardFault_Handler
    startup_stm32f10x_hd.o(RESET) refers to stm32f10x_it.o(i.MemManage_Handler) for MemManage_Handler
    startup_stm32f10x_hd.o(RESET) refers to stm32f10x_it.o(i.BusFault_Handler) for BusFault_Handler
    startup_stm32f10x_hd.o(RESET) refers to stm32f10x_it.o(i.UsageFault_Handler) for UsageFault_Handler
    startup_stm32f10x_hd.o(RESET) refers to stm32f10x_it.o(i.SVC_Handler) for SVC_Handler
    startup_stm32f10x_hd.o(RESET) refers to stm32f10x_it.o(i.DebugMon_Handler) for DebugMon_Handler
    startup_stm32f10x_hd.o(RESET) refers to stm32f10x_it.o(i.PendSV_Handler) for PendSV_Handler
    startup_stm32f10x_hd.o(RESET) refers to stm32f10x_it.o(i.SysTick_Handler) for SysTick_Handler
    startup_stm32f10x_hd.o(RESET) refers to stm32f10x_it.o(i.TIM6_IRQHandler) for TIM6_IRQHandler
    startup_stm32f10x_hd.o(.text) refers to system_stm32f10x.o(i.SystemInit) for SystemInit
    startup_stm32f10x_hd.o(.text) refers to entry.o(.ARM.Collect$$$$00000000) for __main
    system_stm32f10x.o(i.SetSysClock) refers to system_stm32f10x.o(i.SetSysClockTo72) for SetSysClockTo72
    system_stm32f10x.o(i.SystemCoreClockUpdate) refers to system_stm32f10x.o(.data) for SystemCoreClock
    system_stm32f10x.o(i.SystemInit) refers to system_stm32f10x.o(i.SetSysClock) for SetSysClock
    stm32f10x_adc.o(i.ADC_DeInit) refers to stm32f10x_rcc.o(i.RCC_APB2PeriphResetCmd) for RCC_APB2PeriphResetCmd
    stm32f10x_bkp.o(i.BKP_DeInit) refers to stm32f10x_rcc.o(i.RCC_BackupResetCmd) for RCC_BackupResetCmd
    stm32f10x_can.o(i.CAN_DeInit) refers to stm32f10x_rcc.o(i.RCC_APB1PeriphResetCmd) for RCC_APB1PeriphResetCmd
    stm32f10x_can.o(i.CAN_GetITStatus) refers to stm32f10x_can.o(i.CheckITStatus) for CheckITStatus
    stm32f10x_cec.o(i.CEC_DeInit) refers to stm32f10x_rcc.o(i.RCC_APB1PeriphResetCmd) for RCC_APB1PeriphResetCmd
    stm32f10x_dac.o(i.DAC_DeInit) refers to stm32f10x_rcc.o(i.RCC_APB1PeriphResetCmd) for RCC_APB1PeriphResetCmd
    stm32f10x_flash.o(i.FLASH_EnableWriteProtection) refers to stm32f10x_flash.o(i.FLASH_WaitForLastOperation) for FLASH_WaitForLastOperation
    stm32f10x_flash.o(i.FLASH_EraseAllBank1Pages) refers to stm32f10x_flash.o(i.FLASH_WaitForLastBank1Operation) for FLASH_WaitForLastBank1Operation
    stm32f10x_flash.o(i.FLASH_EraseAllPages) refers to stm32f10x_flash.o(i.FLASH_WaitForLastOperation) for FLASH_WaitForLastOperation
    stm32f10x_flash.o(i.FLASH_EraseOptionBytes) refers to stm32f10x_flash.o(i.FLASH_GetReadOutProtectionStatus) for FLASH_GetReadOutProtectionStatus
    stm32f10x_flash.o(i.FLASH_EraseOptionBytes) refers to stm32f10x_flash.o(i.FLASH_WaitForLastOperation) for FLASH_WaitForLastOperation
    stm32f10x_flash.o(i.FLASH_ErasePage) refers to stm32f10x_flash.o(i.FLASH_WaitForLastOperation) for FLASH_WaitForLastOperation
    stm32f10x_flash.o(i.FLASH_ProgramHalfWord) refers to stm32f10x_flash.o(i.FLASH_WaitForLastOperation) for FLASH_WaitForLastOperation
    stm32f10x_flash.o(i.FLASH_ProgramOptionByteData) refers to stm32f10x_flash.o(i.FLASH_WaitForLastOperation) for FLASH_WaitForLastOperation
    stm32f10x_flash.o(i.FLASH_ProgramWord) refers to stm32f10x_flash.o(i.FLASH_WaitForLastOperation) for FLASH_WaitForLastOperation
    stm32f10x_flash.o(i.FLASH_ReadOutProtection) refers to stm32f10x_flash.o(i.FLASH_WaitForLastOperation) for FLASH_WaitForLastOperation
    stm32f10x_flash.o(i.FLASH_UserOptionByteConfig) refers to stm32f10x_flash.o(i.FLASH_WaitForLastOperation) for FLASH_WaitForLastOperation
    stm32f10x_flash.o(i.FLASH_WaitForLastBank1Operation) refers to stm32f10x_flash.o(i.FLASH_GetBank1Status) for FLASH_GetBank1Status
    stm32f10x_flash.o(i.FLASH_WaitForLastOperation) refers to stm32f10x_flash.o(i.FLASH_GetBank1Status) for FLASH_GetBank1Status
    stm32f10x_gpio.o(i.GPIO_AFIODeInit) refers to stm32f10x_rcc.o(i.RCC_APB2PeriphResetCmd) for RCC_APB2PeriphResetCmd
    stm32f10x_gpio.o(i.GPIO_DeInit) refers to stm32f10x_rcc.o(i.RCC_APB2PeriphResetCmd) for RCC_APB2PeriphResetCmd
    stm32f10x_i2c.o(i.I2C_DeInit) refers to stm32f10x_rcc.o(i.RCC_APB1PeriphResetCmd) for RCC_APB1PeriphResetCmd
    stm32f10x_i2c.o(i.I2C_Init) refers to stm32f10x_rcc.o(i.RCC_GetClocksFreq) for RCC_GetClocksFreq
    stm32f10x_pwr.o(i.PWR_DeInit) refers to stm32f10x_rcc.o(i.RCC_APB1PeriphResetCmd) for RCC_APB1PeriphResetCmd
    stm32f10x_rcc.o(i.RCC_GetClocksFreq) refers to stm32f10x_rcc.o(.data) for APBAHBPrescTable
[...]
    Removing stm32f10x_usart.o(i.USART_ITConfig), (74 bytes).
    Removing stm32f10x_usart.o(i.USART_Init), (216 bytes).
    Removing stm32f10x_usart.o(i.USART_IrDACmd), (24 bytes).
    Removing stm32f10x_usart.o(i.USART_IrDAConfig), (18 bytes).
    Removing stm32f10x_usart.o(i.USART_LINBreakDetectLengthConfig), (18 bytes).
    Removing stm32f10x_usart.o(i.USART_LINCmd), (24 bytes).
    Removing stm32f10x_usart.o(i.USART_OneBitMethodCmd), (24 bytes).
    Removing stm32f10x_usart.o(i.USART_OverSampling8Cmd), (22 bytes).
    Removing stm32f10x_usart.o(i.USART_ReceiveData), (10 bytes).
    Removing stm32f10x_usart.o(i.USART_ReceiverWakeUpCmd), (24 bytes).
    Removing stm32f10x_usart.o(i.USART_SendBreak), (10 bytes).
    Removing stm32f10x_usart.o(i.USART_SetAddress), (18 bytes).
    Removing stm32f10x_usart.o(i.USART_SetGuardTime), (16 bytes).
    Removing stm32f10x_usart.o(i.USART_SetPrescaler), (16 bytes).
    Removing stm32f10x_usart.o(i.USART_SmartCardCmd), (24 bytes).
    Removing stm32f10x_usart.o(i.USART_SmartCardNACKCmd), (24 bytes).
    Removing stm32f10x_usart.o(i.USART_StructInit), (24 bytes).
    Removing stm32f10x_usart.o(i.USART_WakeUpConfig), (18 bytes).
    Removing stm32f10x_wwdg.o(i.WWDG_ClearFlag), (12 bytes).
    Removing stm32f10x_wwdg.o(i.WWDG_DeInit), (22 bytes).
    Removing stm32f10x_wwdg.o(i.WWDG_Enable), (16 bytes).
    Removing stm32f10x_wwdg.o(i.WWDG_EnableIT), (12 bytes).
    Removing stm32f10x_wwdg.o(i.WWDG_GetFlagStatus), (12 bytes).
    Removing stm32f10x_wwdg.o(i.WWDG_SetCounter), (16 bytes).
    Removing stm32f10x_wwdg.o(i.WWDG_SetPrescaler), (24 bytes).
    Removing stm32f10x_wwdg.o(i.WWDG_SetWindowValue), (40 bytes).
    Removing bsp_usart.o(i.USART_Config), (128 bytes).
    Removing bsp_usart.o(i.fgetc), (32 bytes).
    Removing bsp_spi_flash.o(i.SPI_FLASH_BufferWrite), (290 bytes).
    Removing bsp_spi_flash.o(i.SPI_FLASH_BulkErase), (40 bytes).
    Removing bsp_spi_flash.o(i.SPI_FLASH_PageWrite), (156 bytes).
    Removing bsp_spi_flash.o(i.SPI_FLASH_ReadByte), (10 bytes).
    Removing bsp_spi_flash.o(i.SPI_FLASH_ReadDeviceID), (60 bytes).
    Removing bsp_spi_flash.o(i.SPI_FLASH_ReadID), (80 bytes).
    Removing bsp_spi_flash.o(i.SPI_FLASH_SectorErase), (68 bytes).
    Removing bsp_spi_flash.o(i.SPI_FLASH_SendHalfWord), (112 bytes).
    Removing bsp_spi_flash.o(i.SPI_FLASH_StartReadSequence), (48 bytes).
    Removing bsp_spi_flash.o(i.SPI_FLASH_WaitForWriteEnd), (52 bytes).
    Removing bsp_spi_flash.o(i.SPI_FLASH_WriteEnable), (32 bytes).
    Removing bsp_spi_flash.o(i.SPI_Flash_PowerDown), (32 bytes).
    Removing bsp_spi_flash.o(i.SPI_Flash_WAKEUP), (32 bytes).
    Removing bsp_key.o(i.ButtonDown), (2 bytes).
    Removing bsp_key.o(i.ButtonUp), (2 bytes).
    Removing bsp_xpt2046_lcd.o(i.Calibrate_or_Get_TouchParaWithFlash), (140 bytes).
    Removing bsp_xpt2046_lcd.o(i.ILI9341_DrawCross), (44 bytes).
    Removing bsp_xpt2046_lcd.o(i.XPT2046_Calculate_CalibrationFactor), (478 bytes).
    Removing bsp_xpt2046_lcd.o(i.XPT2046_Init), (144 bytes).
    Removing bsp_xpt2046_lcd.o(i.XPT2046_Touch_Calibrate), (1268 bytes).
    Removing bsp_ili9341_lcd.o(i.ILI9341_DispStringLine_EN), (104 bytes).
    Removing bsp_ili9341_lcd.o(i.ILI9341_DispStringLine_EN_CH), (180 bytes).
    Removing bsp_ili9341_lcd.o(i.ILI9341_DispString_CH), (96 bytes).
    Removing bsp_ili9341_lcd.o(i.ILI9341_DispString_EN), (104 bytes).
    Removing bsp_ili9341_lcd.o(i.ILI9341_DispString_EN_CH_YDir), (120 bytes).
    Removing bsp_ili9341_lcd.o(i.ILI9341_DispString_EN_YDir), (104 bytes).
    Removing bsp_ili9341_lcd.o(i.ILI9341_DisplayStringEx), (264 bytes).
    Removing bsp_ili9341_lcd.o(i.ILI9341_DisplayStringEx_YDir), (268 bytes).
    Removing bsp_ili9341_lcd.o(i.ILI9341_DrawChar_Ex), (100 bytes).
    Removing bsp_ili9341_lcd.o(i.ILI9341_DrawCircle), (312 bytes).
    Removing bsp_ili9341_lcd.o(i.ILI9341_GetPointPixel), (24 bytes).
    Removing bsp_ili9341_lcd.o(i.ILI9341_Read_PixelData), (54 bytes).
    Removing bsp_ili9341_lcd.o(i.ILI9341_zoomChar), (388 bytes).
    Removing bsp_ili9341_lcd.o(i.LCD_ClearLine), (32 bytes).
    Removing bsp_ili9341_lcd.o(i.LCD_GetColors), (24 bytes).
    Removing bsp_ili9341_lcd.o(i.LCD_GetFont), (12 bytes).
    Removing bsp_ili9341_lcd.o(.bss), (17408 bytes).
    Removing fdiv.o(.text), (124 bytes).
    Removing dmul.o(.text), (228 bytes).
    Removing ddiv.o(.text), (222 bytes).
    Removing ffixui.o(.text), (40 bytes).
    Removing f2d.o(.text), (38 bytes).
    Removing d2f.o(.text), (56 bytes).
    Removing cfcmple.o(.text), (20 bytes).
    Removing depilogue.o(.text), (186 bytes).
    Removing dadd.o(.text), (334 bytes).
    Removing dfixul.o(.text), (48 bytes).
    Removing cdrcmple.o(.text), (48 bytes).
    Removing bsp_ili9341_lcd.o(i.ILI9341_Read_Data), (12 bytes).

490 unused section(s) (total 41570 bytes) removed from the image.

==============================================================================

Image Symbol Table

    Local Symbols

    Symbol Name                              Value     Ov Type        Size  Object(Section)

    ../clib/../cmprslib/zerorunl2.c          0x00000000   Number         0  __dczerorl2.o ABSOLUTE
    ../clib/microlib/division.c              0x00000000   Number         0  uldiv.o ABSOLUTE
    ../clib/microlib/division.c              0x00000000   Number         0  uidiv.o ABSOLUTE
    ../clib/microlib/init/entry.s            0x00000000   Number         0  entry.o ABSOLUTE
    ../clib/microlib/init/entry.s            0x00000000   Number         0  entry11a.o ABSOLUTE
    ../clib/microlib/init/entry.s            0x00000000   Number         0  entry10b.o ABSOLUTE
    ../clib/microlib/init/entry.s            0x00000000   Number         0  entry10a.o ABSOLUTE
    ../clib/microlib/init/entry.s            0x00000000   Number         0  entry2.o ABSOLUTE
    ../clib/microlib/init/entry.s            0x00000000   Number         0  entry9b.o ABSOLUTE
    ../clib/microlib/init/entry.s            0x00000000   Number         0  entry8b.o ABSOLUTE
    ../clib/microlib/init/entry.s            0x00000000   Number         0  entry7a.o ABSOLUTE
    ../clib/microlib/init/entry.s            0x00000000   Number         0  entry9a.o ABSOLUTE
    ../clib/microlib/init/entry.s            0x00000000   Number         0  entry5.o ABSOLUTE
    ../clib/microlib/init/entry.s            0x00000000   Number         0  entry11b.o ABSOLUTE
    ../clib/microlib/init/entry.s            0x00000000   Number         0  entry7b.o ABSOLUTE
    ../clib/microlib/init/entry.s            0x00000000   Number         0  entry8a.o ABSOLUTE
    ../clib/microlib/longlong.c              0x00000000   Number         0  llushr.o ABSOLUTE
    ../clib/microlib/longlong.c              0x00000000   Number         0  llshl.o ABSOLUTE
    ../clib/microlib/longlong.c              0x00000000   Number         0  llsshr.o ABSOLUTE
    ../clib/microlib/malloc/malloc.c         0x00000000   Number         0  mallocr.o ABSOLUTE
    ../clib/microlib/malloc/malloc.c         0x00000000   Number         0  malloc.o ABSOLUTE
    ../clib/microlib/malloc/malloc.c         0x00000000   Number         0  malloca.o ABSOLUTE
    ../clib/microlib/malloc/malloc.c         0x00000000   Number         0  mallocra.o ABSOLUTE
    ../clib/microlib/malloc/mvars.c          0x00000000   Number         0  mvars.o ABSOLUTE
    ../clib/microlib/printf/printf.c         0x00000000   Number         0  printf2.o ABSOLUTE
    ../clib/microlib/printf/printf.c         0x00000000   Number         0  printfb.o ABSOLUTE
    ../clib/microlib/printf/printf.c         0x00000000   Number         0  printf1.o ABSOLUTE
    ../clib/microlib/printf/printf.c         0x00000000   Number         0  printf6.o ABSOLUTE
    ../clib/microlib/printf/printf.c         0x00000000   Number         0  printf7.o ABSOLUTE
    ../clib/microlib/printf/printf.c         0x00000000   Number         0  printf8.o ABSOLUTE
    ../clib/microlib/printf/printf.c         0x00000000   Number         0  printfa.o ABSOLUTE
    ../clib/microlib/printf/printf.c         0x00000000   Number         0  printf5.o ABSOLUTE
    ../clib/microlib/printf/printf.c         0x00000000   Number         0  printf4.o ABSOLUTE
    ../clib/microlib/printf/printf.c         0x00000000   Number         0  printf3.o ABSOLUTE
    ../clib/microlib/printf/printf.c         0x00000000   Number         0  printf0.o ABSOLUTE
    ../clib/microlib/printf/stubs.s          0x00000000   Number         0  stubs.o ABSOLUTE
    ../clib/microlib/stdio/streams.c         0x00000000   Number         0  stdout.o ABSOLUTE
    ../clib/microlib/stdlib/rand.c           0x00000000   Number         0  rand.o ABSOLUTE
    ../clib/microlib/string/memcpy.c         0x00000000   Number         0  memcpya.o ABSOLUTE
    ../clib/microlib/string/memcpy.c         0x00000000   Number         0  memcpyb.o ABSOLUTE
    ../clib/microlib/string/memset.c         0x00000000   Number         0  memseta.o ABSOLUTE
    ../clib/microlib/string/strlen.c         0x00000000   Number         0  strlen.o ABSOLUTE
    ../clib/microlib/stubs.s                 0x00000000   Number         0  iusefp.o ABSOLUTE
    ../fplib/microlib/d2f.c                  0x00000000   Number         0  d2f.o ABSOLUTE
    ../fplib/microlib/f2d.c                  0x00000000   Number         0  f2d.o ABSOLUTE
    ../fplib/microlib/fpadd.c                0x00000000   Number         0  fadd.o ABSOLUTE
    ../fplib/microlib/fpadd.c                0x00000000   Number         0  dadd.o ABSOLUTE
    ../fplib/microlib/fpdiv.c                0x00000000   Number         0  fdiv.o ABSOLUTE
    ../fplib/microlib/fpdiv.c                0x00000000   Number         0  ddiv.o ABSOLUTE
    ../fplib/microlib/fpepilogue.c           0x00000000   Number         0  fepilogue.o ABSOLUTE
    ../fplib/microlib/fpepilogue.c           0x00000000   Number         0  depilogue.o ABSOLUTE
    ../fplib/microlib/fpfix.c                0x00000000   Number         0  ffixi.o ABSOLUTE
    ../fplib/microlib/fpfix.c                0x00000000   Number         0  dfixul.o ABSOLUTE
    ../fplib/microlib/fpfix.c                0x00000000   Number         0  ffixui.o ABSOLUTE
    ../fplib/microlib/fpflt.c                0x00000000   Number         0  fflti.o ABSOLUTE
    ../fplib/microlib/fpmul.c                0x00000000   Number         0  dmul.o ABSOLUTE
    ../fplib/microlib/fpmul.c                0x00000000   Number         0  fmul.o ABSOLUTE
    ..\..\Libraries\CMSIS\core_cm3.c         0x00000000   Number         0  core_cm3.o ABSOLUTE
    ..\..\Libraries\CMSIS\startup\startup_stm32f10x_hd.s 0x00000000   Number         0  startup_stm32f10x_hd.o ABSOLUTE
    ..\..\Libraries\CMSIS\system_stm32f10x.c 0x00000000   Number         0  system_stm32f10x.o ABSOLUTE
    ..\..\Libraries\FWlib\src\misc.c         0x00000000   Number         0  misc.o ABSOLUTE
    ..\..\Libraries\FWlib\src\stm32f10x_adc.c 0x00000000   Number         0  stm32f10x_adc.o ABSOLUTE
    ..\..\Libraries\FWlib\src\stm32f10x_bkp.c 0x00000000   Number         0  stm32f10x_bkp.o ABSOLUTE
    ..\..\Libraries\FWlib\src\stm32f10x_can.c 0x00000000   Number         0  stm32f10x_can.o ABSOLUTE
    ..\..\Libraries\FWlib\src\stm32f10x_cec.c 0x00000000   Number         0  stm32f10x_cec.o ABSOLUTE
    ..\..\Libraries\FWlib\src\stm32f10x_crc.c 0x00000000   Number         0  stm32f10x_crc.o ABSOLUTE
    ..\..\Libraries\FWlib\src\stm32f10x_dac.c 0x00000000   Number         0  stm32f10x_dac.o ABSOLUTE
    ..\..\Libraries\FWlib\src\stm32f10x_dbgmcu.c 0x00000000   Number         0  stm32f10x_dbgmcu.o ABSOLUTE
    ..\..\Libraries\FWlib\src\stm32f10x_dma.c 0x00000000   Number         0  stm32f10x_dma.o ABSOLUTE
    ..\..\Libraries\FWlib\src\stm32f10x_exti.c 0x00000000   Number         0  stm32f10x_exti.o ABSOLUTE
    ..\..\Libraries\FWlib\src\stm32f10x_flash.c 0x00000000   Number         0  stm32f10x_flash.o ABSOLUTE
    ..\..\Libraries\FWlib\src\stm32f10x_fsmc.c 0x00000000   Number         0  stm32f10x_fsmc.o ABSOLUTE
    ..\..\Libraries\FWlib\src\stm32f10x_gpio.c 0x00000000   Number         0  stm32f10x_gpio.o ABSOLUTE
    ..\..\Libraries\FWlib\src\stm32f10x_i2c.c 0x00000000   Number         0  stm32f10x_i2c.o ABSOLUTE
    ..\..\Libraries\FWlib\src\stm32f10x_iwdg.c 0x00000000   Number         0  stm32f10x_iwdg.o ABSOLUTE
    ..\..\Libraries\FWlib\src\stm32f10x_pwr.c 0x00000000   Number         0  stm32f10x_pwr.o ABSOLUTE
    ..\..\Libraries\FWlib\src\stm32f10x_rcc.c 0x00000000   Number         0  stm32f10x_rcc.o ABSOLUTE
    ..\..\Libraries\FWlib\src\stm32f10x_rtc.c 0x00000000   Number         0  stm32f10x_rtc.o ABSOLUTE
    ..\..\Libraries\FWlib\src\stm32f10x_sdio.c 0x00000000   Number         0  stm32f10x_sdio.o ABSOLUTE
    ..\..\Libraries\FWlib\src\stm32f10x_spi.c 0x00000000   Number         0  stm32f10x_spi.o ABSOLUTE
    ..\..\Libraries\FWlib\src\stm32f10x_tim.c 0x00000000   Number         0  stm32f10x_tim.o ABSOLUTE
    ..\..\Libraries\FWlib\src\stm32f10x_usart.c 0x00000000   Number         0  stm32f10x_usart.o ABSOLUTE
    ..\..\Libraries\FWlib\src\stm32f10x_wwdg.c 0x00000000   Number         0  stm32f10x_wwdg.o ABSOLUTE
    ..\..\User\TimBase\bsp_TiMbase.c         0x00000000   Number         0  bsp_timbase.o ABSOLUTE
    ..\..\User\adc\bsp_adc.c                 0x00000000   Number         0  bsp_adc.o ABSOLUTE
    ..\..\User\flash\bsp_spi_flash.c         0x00000000   Number         0  bsp_spi_flash.o ABSOLUTE
    ..\..\User\font\fonts.c                  0x00000000   Number         0  fonts.o ABSOLUTE
    ..\..\User\key\bsp_key.c                 0x00000000   Number         0  bsp_key.o ABSOLUTE
    ..\..\User\lcd\bsp_ili9341_lcd.c         0x00000000   Number         0  bsp_ili9341_lcd.o ABSOLUTE
    ..\..\User\lcd\bsp_xpt2046_lcd.c         0x00000000   Number         0  bsp_xpt2046_lcd.o ABSOLUTE
    ..\..\User\led\bsp_led.c                 0x00000000   Number         0  bsp_led.o ABSOLUTE
    ..\..\User\main.c                        0x00000000   Number         0  main.o ABSOLUTE
    ..\..\User\palette.c                     0x00000000   Number         0  palette.o ABSOLUTE
    ..\..\User\stm32f10x_it.c                0x00000000   Number         0  stm32f10x_it.o ABSOLUTE
    ..\..\User\usart\bsp_usart.c             0x00000000   Number         0  bsp_usart.o ABSOLUTE
    ..\\..\\Libraries\\CMSIS\\core_cm3.c     0x00000000   Number         0  core_cm3.o ABSOLUTE
    cdrcmple.s                               0x00000000   Number         0  cdrcmple.o ABSOLUTE
    cfcmple.s                                0x00000000   Number         0  cfcmple.o ABSOLUTE
    dc.s                                     0x00000000   Number         0  dc.o ABSOLUTE
    handlers.s                               0x00000000   Number         0  handlers.o ABSOLUTE
    init.s                                   0x00000000   Number         0  init.o ABSOLUTE
    RESET                                    0x08000000   Section      304  startup_stm32f10x_hd.o(RESET)
    .ARM.Collect$$$$00000000                 0x08000130   Section        0  entry.o(.ARM.Collect$$$$00000000)
    .ARM.Collect$$$$00000001                 0x08000130   Section        4  entry2.o(.ARM.Collect$$$$00000001)
    .ARM.Collect$$$$00000004                 0x08000134   Section        4  entry5.o(.ARM.Collect$$$$00000004)
    .ARM.Collect$$$$00000008                 0x08000138   Section        0  entry7b.o(.ARM.Collect$$$$00000008)
    .ARM.Collect$$$$0000000A                 0x08000138   Section        0  entry8b.o(.ARM.Collect$$$$0000000A)
    .ARM.Collect$$$$0000000B                 0x08000138   Section        8  entry9a.o(.ARM.Collect$$$$0000000B)
    .ARM.Collect$$$$0000000D                 0x08000140   Section        0  entry10a.o(.ARM.Collect$$$$0000000D)
    .ARM.Collect$$$$0000000F                 0x08000140   Section        0  entry11a.o(.ARM.Collect$$$$0000000F)
    .ARM.Collect$$$$00002712                 0x08000140   Section        4  entry2.o(.ARM.Collect$$$$00002712)
    __lit__00000000                          0x08000140   Data           4  entry2.o(.ARM.Collect$$$$00002712)
    .text                                    0x08000144   Section       36  startup_stm32f10x_hd.o(.text)
    .text                                    0x08000168   Section        0  rand.o(.text)
    .text                                    0x0800018c   Section        0  memcpya.o(.text)
    .text                                    0x080001b0   Section        0  memseta.o(.text)
    .text                                    0x080001d4   Section        0  fadd.o(.text)
    .text                                    0x08000284   Section        0  fmul.o(.text)
    .text                                    0x080002e8   Section        0  fflti.o(.text)
    .text                                    0x080002fa   Section        0  ffixi.o(.text)
    .text                                    0x0800032c   Section        0  uidiv.o(.text)
    .text                                    0x08000358   Section        0  iusefp.o(.text)
    .text                                    0x08000358   Section        0  fepilogue.o(.text)
    .text                                    0x080003c8   Section       36  init.o(.text)
    .text                                    0x080003ec   Section        0  __dczerorl2.o(.text)
    i.ADC_Cmd                                0x08000442   Section        0  stm32f10x_adc.o(i.ADC_Cmd)
    i.ADC_DMACmd                             0x08000458   Section        0  stm32f10x_adc.o(i.ADC_DMACmd)
    i.ADC_GetCalibrationStatus               0x0800046e   Section        0  stm32f10x_adc.o(i.ADC_GetCalibrationStatus)
    i.ADC_GetResetCalibrationStatus          0x08000482   Section        0  stm32f10x_adc.o(i.ADC_GetResetCalibrationStatus)
    i.ADC_Init                               0x08000498   Section        0  stm32f10x_adc.o(i.ADC_Init)
    i.ADC_RegularChannelConfig               0x080004e8   Section        0  stm32f10x_adc.o(i.ADC_RegularChannelConfig)
    i.ADC_ResetCalibration                   0x080005a0   Section        0  stm32f10x_adc.o(i.ADC_ResetCalibration)
    i.ADC_SoftwareStartConvCmd               0x080005aa   Section        0  stm32f10x_adc.o(i.ADC_SoftwareStartConvCmd)
    i.ADC_StartCalibration                   0x080005c0   Section        0  stm32f10x_adc.o(i.ADC_StartCalibration)
    i.ADCx_GPIO_Config                       0x080005cc   Section        0  bsp_adc.o(i.ADCx_GPIO_Config)
    ADCx_GPIO_Config                         0x080005cd   Thumb Code    32  bsp_adc.o(i.ADCx_GPIO_Config)
    i.ADCx_Init                              0x080005f0   Section        0  bsp_adc.o(i.ADCx_Init)
    i.ADCx_Mode_Config                       0x080005fc   Section        0  bsp_adc.o(i.ADCx_Mode_Config)
    ADCx_Mode_Config                         0x080005fd   Thumb Code   226  bsp_adc.o(i.ADCx_Mode_Config)
    i.BASIC_TIM_Init                         0x080006ec   Section        0  bsp_timbase.o(i.BASIC_TIM_Init)
    i.BASIC_TIM_Mode_Config                  0x080006f8   Section        0  bsp_timbase.o(i.BASIC_TIM_Mode_Config)
    BASIC_TIM_Mode_Config                    0x080006f9   Thumb Code    60  bsp_timbase.o(i.BASIC_TIM_Mode_Config)
    i.BASIC_TIM_NVIC_Config                  0x08000738   Section        0  bsp_timbase.o(i.BASIC_TIM_NVIC_Config)
    BASIC_TIM_NVIC_Config                    0x08000739   Thumb Code    40  bsp_timbase.o(i.BASIC_TIM_NVIC_Config)
    i.BusFault_Handler                       0x08000760   Section        0  stm32f10x_it.o(i.BusFault_Handler)
    i.ButtonDetect                           0x08000764   Section        0  bsp_key.o(i.ButtonDetect)
    i.ButtonEventHandler                     0x0800080c   Section        0  bsp_key.o(i.ButtonEventHandler)
    i.Command_Change_Mode                    0x08000884   Section        0  palette.o(i.Command_Change_Mode)
    Command_Change_Mode                      0x08000885   Thumb Code    18  palette.o(i.Command_Change_Mode)
    i.Command_Control_Direction              0x0800089c   Section        0  palette.o(i.Command_Control_Direction)
    i.DMA_Cmd                                0x0800090c   Section        0  stm32f10x_dma.o(i.DMA_Cmd)
    i.DMA_DeInit                             0x08000924   Section        0  stm32f10x_dma.o(i.DMA_DeInit)
    i.DMA_Init                               0x08000a70   Section        0  stm32f10x_dma.o(i.DMA_Init)
    i.DebugMon_Handler                       0x08000aac   Section        0  stm32f10x_it.o(i.DebugMon_Handler)
    i.Delay                                  0x08000aae   Section        0  palette.o(i.Delay)
    i.Draw_Direction_Button                  0x08000ac0   Section        0  palette.o(i.Draw_Direction_Button)
    Draw_Direction_Button                    0x08000ac1   Thumb Code   426  palette.o(i.Draw_Direction_Button)
    i.Draw_Mode_Button                       0x08000c80   Section        0  palette.o(i.Draw_Mode_Button)
    Draw_Mode_Button                         0x08000c81   Thumb Code    36  palette.o(i.Draw_Mode_Button)
    i.FSMC_NORSRAMCmd                        0x08000ca4   Section        0  stm32f10x_fsmc.o(i.FSMC_NORSRAMCmd)
    i.FSMC_NORSRAMInit                       0x08000cd8   Section        0  stm32f10x_fsmc.o(i.FSMC_NORSRAMInit)
    i.GPIO_Init                              0x08000dbe   Section        0  stm32f10x_gpio.o(i.GPIO_Init)
    i.GPIO_ReadInputDataBit                  0x08000ed4   Section        0  stm32f10x_gpio.o(i.GPIO_ReadInputDataBit)
    i.GPIO_ResetBits                         0x08000ee6   Section        0  stm32f10x_gpio.o(i.GPIO_ResetBits)
    i.GPIO_SetBits                           0x08000eea   Section        0  stm32f10x_gpio.o(i.GPIO_SetBits)
    i.GetGBKCode_from_EXFlash                0x08000ef0   Section        0  fonts.o(i.GetGBKCode_from_EXFlash)
    i.HardFault_Handler                      0x08000f44   Section        0  stm32f10x_it.o(i.HardFault_Handler)
    i.ILI9341_BackLed_Control                0x08000f48   Section        0  bsp_ili9341_lcd.o(i.ILI9341_BackLed_Control)
    i.ILI9341_Clear                          0x08000f6c   Section        0  bsp_ili9341_lcd.o(i.ILI9341_Clear)
    i.ILI9341_Delay                          0x08000f98   Section        0  bsp_ili9341_lcd.o(i.ILI9341_Delay)
    ILI9341_Delay                            0x08000f99   Thumb Code    18  bsp_ili9341_lcd.o(i.ILI9341_Delay)
    i.ILI9341_DispChar_CH                    0x08000fac   Section        0  bsp_ili9341_lcd.o(i.ILI9341_DispChar_CH)
    i.ILI9341_DispChar_EN                    0x08001030   Section        0  bsp_ili9341_lcd.o(i.ILI9341_DispChar_EN)
    i.ILI9341_DispString_EN_CH               0x080010c8   Section        0  bsp_ili9341_lcd.o(i.ILI9341_DispString_EN_CH)
    i.ILI9341_DrawLine                       0x0800117c   Section        0  bsp_ili9341_lcd.o(i.ILI9341_DrawLine)
    i.ILI9341_DrawRectangle                  0x0800121c   Section        0  bsp_ili9341_lcd.o(i.ILI9341_DrawRectangle)
    i.ILI9341_FSMC_Config                    0x080012a4   Section        0  bsp_ili9341_lcd.o(i.ILI9341_FSMC_Config)
    ILI9341_FSMC_Config                      0x080012a5   Thumb Code    94  bsp_ili9341_lcd.o(i.ILI9341_FSMC_Config)
    i.ILI9341_FillColor                      0x08001302   Section        0  bsp_ili9341_lcd.o(i.ILI9341_FillColor)
    ILI9341_FillColor                        0x08001303   Thumb Code    32  bsp_ili9341_lcd.o(i.ILI9341_FillColor)
    i.ILI9341_GPIO_Config                    0x08001324   Section        0  bsp_ili9341_lcd.o(i.ILI9341_GPIO_Config)
    ILI9341_GPIO_Config                      0x08001325   Thumb Code   398  bsp_ili9341_lcd.o(i.ILI9341_GPIO_Config)
    i.ILI9341_GramScan                       0x080014bc   Section        0  bsp_ili9341_lcd.o(i.ILI9341_GramScan)
    i.ILI9341_Init                           0x08001574   Section        0  bsp_ili9341_lcd.o(i.ILI9341_Init)
    i.ILI9341_OpenWindow                     0x0800159c   Section        0  bsp_ili9341_lcd.o(i.ILI9341_OpenWindow)
    i.ILI9341_REG_Config                     0x080015fc   Section        0  bsp_ili9341_lcd.o(i.ILI9341_REG_Config)
    ILI9341_REG_Config                       0x080015fd   Thumb Code   556  bsp_ili9341_lcd.o(i.ILI9341_REG_Config)
    i.ILI9341_Rst                            0x0800182c   Section        0  bsp_ili9341_lcd.o(i.ILI9341_Rst)
    i.ILI9341_SetCursor                      0x08001854   Section        0  bsp_ili9341_lcd.o(i.ILI9341_SetCursor)
    ILI9341_SetCursor                        0x08001855   Thumb Code    20  bsp_ili9341_lcd.o(i.ILI9341_SetCursor)
    i.ILI9341_SetPointPixel                  0x08001868   Section        0  bsp_ili9341_lcd.o(i.ILI9341_SetPointPixel)
    i.ILI9341_Write_Cmd                      0x080018a0   Section        0  bsp_ili9341_lcd.o(i.ILI9341_Write_Cmd)
    i.ILI9341_Write_Data                     0x080018a8   Section        0  bsp_ili9341_lcd.o(i.ILI9341_Write_Data)
    i.Key_GPIO_Config                        0x080018b4   Section        0  bsp_key.o(i.Key_GPIO_Config)
    i.Key_Scan                               0x080018f4   Section        0  bsp_key.o(i.Key_Scan)
    i.LCD_SetBackColor                       0x08001924   Section        0  bsp_ili9341_lcd.o(i.LCD_SetBackColor)
    i.LCD_SetColors                          0x08001930   Section        0  bsp_ili9341_lcd.o(i.LCD_SetColors)
    i.LCD_SetFont                            0x08001944   Section        0  bsp_ili9341_lcd.o(i.LCD_SetFont)
    i.LCD_SetTextColor                       0x08001950   Section        0  bsp_ili9341_lcd.o(i.LCD_SetTextColor)
    i.LED_GPIO_Config                        0x0800195c   Section        0  bsp_led.o(i.LED_GPIO_Config)
    i.MemManage_Handler                      0x080019bc   Section        0  stm32f10x_it.o(i.MemManage_Handler)
    i.NMI_Handler                            0x080019c0   Section        0  stm32f10x_it.o(i.NMI_Handler)
    i.NVIC_Init                              0x080019c4   Section        0  misc.o(i.NVIC_Init)
    i.NVIC_PriorityGroupConfig               0x08001a34   Section        0  misc.o(i.NVIC_PriorityGroupConfig)
    i.Palette_Init                           0x08001a48   Section        0  palette.o(i.Palette_Init)
    i.PendSV_Handler                         0x08001aac   Section        0  stm32f10x_it.o(i.PendSV_Handler)
    i.RCC_ADCCLKConfig                       0x08001ab0   Section        0  stm32f10x_rcc.o(i.RCC_ADCCLKConfig)
    i.RCC_AHBPeriphClockCmd                  0x08001ac8   Section        0  stm32f10x_rcc.o(i.RCC_AHBPeriphClockCmd)
    i.RCC_APB1PeriphClockCmd                 0x08001ae8   Section        0  stm32f10x_rcc.o(i.RCC_APB1PeriphClockCmd)
    i.RCC_APB2PeriphClockCmd                 0x08001b08   Section        0  stm32f10x_rcc.o(i.RCC_APB2PeriphClockCmd)
    i.SPI_Cmd                                0x08001b28   Section        0  stm32f10x_spi.o(i.SPI_Cmd)
    i.SPI_FLASH_BufferRead                   0x08001b40   Section        0  bsp_spi_flash.o(i.SPI_FLASH_BufferRead)
    i.SPI_FLASH_Init                         0x08001b90   Section        0  bsp_spi_flash.o(i.SPI_FLASH_Init)
    i.SPI_FLASH_SendByte                     0x08001c50   Section        0  bsp_spi_flash.o(i.SPI_FLASH_SendByte)
    i.SPI_I2S_GetFlagStatus                  0x08001cc8   Section        0  stm32f10x_spi.o(i.SPI_I2S_GetFlagStatus)
    i.SPI_I2S_ReceiveData                    0x08001cda   Section        0  stm32f10x_spi.o(i.SPI_I2S_ReceiveData)
    i.SPI_I2S_SendData                       0x08001ce0   Section        0  stm32f10x_spi.o(i.SPI_I2S_SendData)
    i.SPI_Init                               0x08001ce4   Section        0  stm32f10x_spi.o(i.SPI_Init)
    i.SPI_TIMEOUT_UserCallback               0x08001d20   Section        0  bsp_spi_flash.o(i.SPI_TIMEOUT_UserCallback)
    SPI_TIMEOUT_UserCallback                 0x08001d21   Thumb Code    16  bsp_spi_flash.o(i.SPI_TIMEOUT_UserCallback)
    i.SVC_Handler                            0x08001d60   Section        0  stm32f10x_it.o(i.SVC_Handler)
    i.SetSysClock                            0x08001d62   Section        0  system_stm32f10x.o(i.SetSysClock)
    SetSysClock                              0x08001d63   Thumb Code     8  system_stm32f10x.o(i.SetSysClock)
    i.SetSysClockTo72                        0x08001d6c   Section        0  system_stm32f10x.o(i.SetSysClockTo72)
    SetSysClockTo72                          0x08001d6d   Thumb Code   214  system_stm32f10x.o(i.SetSysClockTo72)
    i.Snake_Init                             0x08001e4c   Section        0  palette.o(i.Snake_Init)
    i.Square_Init                            0x08001ec8   Section        0  palette.o(i.Square_Init)
    i.SysTick_Handler                        0x08001ed0   Section        0  stm32f10x_it.o(i.SysTick_Handler)
    i.SystemInit                             0x08001ed4   Section        0  system_stm32f10x.o(i.SystemInit)
    i.TIM6_IRQHandler                        0x08001f34   Section        0  stm32f10x_it.o(i.TIM6_IRQHandler)
    i.TIM_ClearFlag                          0x08001f58   Section        0  stm32f10x_tim.o(i.TIM_ClearFlag)
    i.TIM_ClearITPendingBit                  0x08001f5e   Section        0  stm32f10x_tim.o(i.TIM_ClearITPendingBit)
    i.TIM_Cmd                                0x08001f64   Section        0  stm32f10x_tim.o(i.TIM_Cmd)
    i.TIM_GetITStatus                        0x08001f7c   Section        0  stm32f10x_tim.o(i.TIM_GetITStatus)
    i.TIM_ITConfig                           0x08001f9e   Section        0  stm32f10x_tim.o(i.TIM_ITConfig)
    i.TIM_TimeBaseInit                       0x08001fb0   Section        0  stm32f10x_tim.o(i.TIM_TimeBaseInit)
    i.Touch_Button_Down                      0x08002054   Section        0  palette.o(i.Touch_Button_Down)
    i.Touch_Button_Init                      0x0800210c   Section        0  palette.o(i.Touch_Button_Init)
    i.Touch_Button_Up                        0x080021f0   Section        0  palette.o(i.Touch_Button_Up)
    i.USART_GetFlagStatus                    0x0800220c   Section        0  stm32f10x_usart.o(i.USART_GetFlagStatus)
    i.USART_SendData                         0x08002226   Section        0  stm32f10x_usart.o(i.USART_SendData)
    i.UsageFault_Handler                     0x0800222e   Section        0  stm32f10x_it.o(i.UsageFault_Handler)
    i.XPT2046_DelayUS                        0x08002232   Section        0  bsp_xpt2046_lcd.o(i.XPT2046_DelayUS)
    XPT2046_DelayUS                          0x08002233   Thumb Code    30  bsp_xpt2046_lcd.o(i.XPT2046_DelayUS)
    i.XPT2046_Get_TouchedPoint               0x08002250   Section        0  bsp_xpt2046_lcd.o(i.XPT2046_Get_TouchedPoint)
    i.XPT2046_ReadAdc                        0x0800233c   Section        0  bsp_xpt2046_lcd.o(i.XPT2046_ReadAdc)
    XPT2046_ReadAdc                          0x0800233d   Thumb Code    16  bsp_xpt2046_lcd.o(i.XPT2046_ReadAdc)
    i.XPT2046_ReadAdc_Smooth_XY              0x0800234c   Section        0  bsp_xpt2046_lcd.o(i.XPT2046_ReadAdc_Smooth_XY)
    XPT2046_ReadAdc_Smooth_XY                0x0800234d   Thumb Code   336  bsp_xpt2046_lcd.o(i.XPT2046_ReadAdc_Smooth_XY)
    i.XPT2046_ReadAdc_XY                     0x080024a4   Section        0  bsp_xpt2046_lcd.o(i.XPT2046_ReadAdc_XY)
    XPT2046_ReadAdc_XY                       0x080024a5   Thumb Code    38  bsp_xpt2046_lcd.o(i.XPT2046_ReadAdc_XY)
    i.XPT2046_ReadCMD                        0x080024cc   Section        0  bsp_xpt2046_lcd.o(i.XPT2046_ReadCMD)
    XPT2046_ReadCMD                          0x080024cd   Thumb Code    74  bsp_xpt2046_lcd.o(i.XPT2046_ReadCMD)
    i.XPT2046_TouchDetect                    0x0800251c   Section        0  bsp_xpt2046_lcd.o(i.XPT2046_TouchDetect)
    i.XPT2046_TouchDown                      0x080025cc   Section        0  bsp_xpt2046_lcd.o(i.XPT2046_TouchDown)
    i.XPT2046_TouchEvenHandler               0x080025f4   Section        0  bsp_xpt2046_lcd.o(i.XPT2046_TouchEvenHandler)
    i.XPT2046_TouchUp                        0x08002674   Section        0  bsp_xpt2046_lcd.o(i.XPT2046_TouchUp)
    i.XPT2046_WriteCMD                       0x0800269c   Section        0  bsp_xpt2046_lcd.o(i.XPT2046_WriteCMD)
    XPT2046_WriteCMD                         0x0800269d   Thumb Code    94  bsp_xpt2046_lcd.o(i.XPT2046_WriteCMD)
    i.__0printf$6                            0x08002700   Section        0  printf6.o(i.__0printf$6)
    i.__0sprintf$6                           0x08002720   Section        0  printf6.o(i.__0sprintf$6)
    i.__scatterload_copy                     0x08002748   Section       14  handlers.o(i.__scatterload_copy)
    i.__scatterload_null                     0x08002756   Section        2  handlers.o(i.__scatterload_null)
    i.__scatterload_zeroinit                 0x08002758   Section       14  handlers.o(i.__scatterload_zeroinit)
    i._printf_core                           0x08002768   Section        0  printf6.o(i._printf_core)
    _printf_core                             0x08002769   Thumb Code   748  printf6.o(i._printf_core)
    i._printf_post_padding                   0x08002a58   Section        0  printf6.o(i._printf_post_padding)
    _printf_post_padding                     0x08002a59   Thumb Code    36  printf6.o(i._printf_post_padding)
    i._printf_pre_padding                    0x08002a7c   Section        0  printf6.o(i._printf_pre_padding)
    _printf_pre_padding                      0x08002a7d   Thumb Code    46  printf6.o(i._printf_pre_padding)
    i._sputc                                 0x08002aaa   Section        0  printf6.o(i._sputc)
    _sputc                                   0x08002aab   Thumb Code    10  printf6.o(i._sputc)
    i.creatFood                              0x08002ab4   Section        0  palette.o(i.creatFood)
    i.current_delay                          0x08002b38   Section        0  palette.o(i.current_delay)
    current_delay                            0x08002b39   Thumb Code    30  palette.o(i.current_delay)
    i.draw_head_eyes                         0x08002b68   Section        0  palette.o(i.draw_head_eyes)
    draw_head_eyes                           0x08002b69   Thumb Code   156  palette.o(i.draw_head_eyes)
    i.draw_square                            0x08002c14   Section        0  palette.o(i.draw_square)
    draw_square                              0x08002c15   Thumb Code    52  palette.o(i.draw_square)
    i.draw_square_snake                      0x08002c48   Section        0  palette.o(i.draw_square_snake)
    draw_square_snake                        0x08002c49   Thumb Code    46  palette.o(i.draw_square_snake)
    i.draw_title                             0x08002c78   Section        0  palette.o(i.draw_title)
    draw_title                               0x08002c79   Thumb Code   108  palette.o(i.draw_title)
    i.flow_color_led                         0x08002d10   Section        0  bsp_xpt2046_lcd.o(i.flow_color_led)
    flow_color_led                           0x08002d11   Thumb Code   328  bsp_xpt2046_lcd.o(i.flow_color_led)
    i.fputc                                  0x08002e70   Section        0  bsp_usart.o(i.fputc)
    i.free                                   0x08002e94   Section        0  malloc.o(i.free)
    i.gen_random_pos                         0x08002ee4   Section        0  palette.o(i.gen_random_pos)
    gen_random_pos                           0x08002ee5   Thumb Code    88  palette.o(i.gen_random_pos)
    i.judgeAlive                             0x08002f44   Section        0  palette.o(i.judgeAlive)
    i.main                                   0x08002fdc   Section        0  main.o(i.main)
    i.malloc                                 0x08003000   Section        0  malloc.o(i.malloc)
    i.snakeMove                              0x0800306c   Section        0  palette.o(i.snakeMove)
    i.snake_half_length                      0x080032b0   Section        0  palette.o(i.snake_half_length)
    snake_half_length                        0x080032b1   Thumb Code    82  palette.o(i.snake_half_length)
    .constdata                               0x08003308   Section    15200  fonts.o(.constdata)
    .constdata                               0x08006e68   Section       16  palette.o(.constdata)
    .constdata                               0x08006e78   Section       34  bsp_xpt2046_lcd.o(.constdata)
    .data                                    0x20000000   Section        4  bsp_spi_flash.o(.data)
    SPITimeout                               0x20000000   Data           4  bsp_spi_flash.o(.data)
    .data                                    0x20000004   Section       25  fonts.o(.data)
    everRead                                 0x2000001c   Data           1  fonts.o(.data)
    .data                                    0x20000020   Section       28  palette.o(.data)
    .data                                    0x2000003c   Section        2  bsp_adc.o(.data)
    .data                                    0x20000040   Section       13  bsp_key.o(.data)
    button_state                             0x20000040   Data           2  bsp_key.o(.data)
    debounce_counter                         0x20000044   Data           8  bsp_key.o(.data)
    button_was_pressed                       0x2000004c   Data           1  bsp_key.o(.data)
    .data                                    0x20000050   Section      224  bsp_xpt2046_lcd.o(.data)
    touch_state                              0x20000111   Data           1  bsp_xpt2046_lcd.o(.data)
    i                                        0x20000114   Data           4  bsp_xpt2046_lcd.o(.data)
    current                                  0x20000118   Data           3  bsp_xpt2046_lcd.o(.data)
    last                                     0x2000011b   Data           3  bsp_xpt2046_lcd.o(.data)
    count                                    0x20000120   Data           4  bsp_xpt2046_lcd.o(.data)
    frame_count                              0x20000124   Data           4  bsp_xpt2046_lcd.o(.data)
    cinfo                                    0x20000128   Data           8  bsp_xpt2046_lcd.o(.data)
    .data                                    0x20000130   Section       16  bsp_ili9341_lcd.o(.data)
    LCD_Currentfonts                         0x20000138   Data           4  bsp_ili9341_lcd.o(.data)
    CurrentTextColor                         0x2000013c   Data           2  bsp_ili9341_lcd.o(.data)
    CurrentBackColor                         0x2000013e   Data           2  bsp_ili9341_lcd.o(.data)
    .data                                    0x20000140   Section        4  rand.o(.data)
    _rand_state                              0x20000140   Data           4  rand.o(.data)
    .data                                    0x20000144   Section        4  stdout.o(.data)
    .data                                    0x20000148   Section        4  mvars.o(.data)
    .data                                    0x2000014c   Section        4  mvars.o(.data)
    .bss                                     0x20000150   Section      132  palette.o(.bss)
    HEAP                                     0x200001d8   Section     4096  startup_stm32f10x_hd.o(HEAP)
    STACK                                    0x200011d8   Section     4096  startup_stm32f10x_hd.o(STACK)

    Global Symbols

    Symbol Name                              Value     Ov Type        Size  Object(Section)

    BuildAttributes$$THM_ISAv4$P$D$K$B$S$PE$A:L22UL41UL21$X:L11$S22US41US21$IEEE1$IW$USESV6$~STKCKD$USESV7$~SHL$OTIME$ROPI$EBA8$MICROLIB$REQ8$PRES8$EABIv2 0x00000000   Number         0  anon$$obj.o ABSOLUTE
    __ARM_use_no_argv                        0x00000000   Number         0  main.o ABSOLUTE
    _printf_a                                0x00000000   Number         0  stubs.o ABSOLUTE
    _printf_c                                0x00000000   Number         0  stubs.o ABSOLUTE
    _printf_charcount                        0x00000000   Number         0  stubs.o ABSOLUTE
    _printf_d                                0x00000000   Number         0  stubs.o ABSOLUTE
    _printf_e                                0x00000000   Number         0  stubs.o ABSOLUTE
    _printf_f                                0x00000000   Number         0  stubs.o ABSOLUTE
    _printf_flags                            0x00000000   Number         0  stubs.o ABSOLUTE
    _printf_fp_dec                           0x00000000   Number         0  stubs.o ABSOLUTE
    _printf_fp_hex                           0x00000000   Number         0  stubs.o ABSOLUTE
    _printf_g                                0x00000000   Number         0  stubs.o ABSOLUTE
    _printf_i                                0x00000000   Number         0  stubs.o ABSOLUTE
    _printf_int_dec                          0x00000000   Number         0  stubs.o ABSOLUTE
    _printf_l                                0x00000000   Number         0  stubs.o ABSOLUTE
    _printf_lc                               0x00000000   Number         0  stubs.o ABSOLUTE
    _printf_ll                               0x00000000   Number         0  stubs.o ABSOLUTE
    _printf_lld                              0x00000000   Number         0  stubs.o ABSOLUTE
    _printf_lli                              0x00000000   Number         0  stubs.o ABSOLUTE
    _printf_llo                              0x00000000   Number         0  stubs.o ABSOLUTE
    _printf_llu                              0x00000000   Number         0  stubs.o ABSOLUTE
    _printf_llx                              0x00000000   Number         0  stubs.o ABSOLUTE
    _printf_longlong_dec                     0x00000000   Number         0  stubs.o ABSOLUTE
    _printf_longlong_hex                     0x00000000   Number         0  stubs.o ABSOLUTE
    _printf_longlong_oct                     0x00000000   Number         0  stubs.o ABSOLUTE
    _printf_ls                               0x00000000   Number         0  stubs.o ABSOLUTE
    _printf_mbtowc                           0x00000000   Number         0  stubs.o ABSOLUTE
    _printf_n                                0x00000000   Number         0  stubs.o ABSOLUTE
    _printf_o                                0x00000000   Number         0  stubs.o ABSOLUTE
    _printf_p                                0x00000000   Number         0  stubs.o ABSOLUTE
    _printf_percent                          0x00000000   Number         0  stubs.o ABSOLUTE
    _printf_pre_padding                      0x00000000   Number         0  stubs.o ABSOLUTE
    _printf_return_value                     0x00000000   Number         0  stubs.o ABSOLUTE
    _printf_s                                0x00000000   Number         0  stubs.o ABSOLUTE
    _printf_sizespec                         0x00000000   Number         0  stubs.o ABSOLUTE
    _printf_str                              0x00000000   Number         0  stubs.o ABSOLUTE
    _printf_truncate_signed                  0x00000000   Number         0  stubs.o ABSOLUTE
    _printf_truncate_unsigned                0x00000000   Number         0  stubs.o ABSOLUTE
    _printf_u                                0x00000000   Number         0  stubs.o ABSOLUTE
    _printf_wc                               0x00000000   Number         0  stubs.o ABSOLUTE
    _printf_wctomb                           0x00000000   Number         0  stubs.o ABSOLUTE
    _printf_widthprec                        0x00000000   Number         0  stubs.o ABSOLUTE
    _printf_x                                0x00000000   Number         0  stubs.o ABSOLUTE
    __cpp_initialize__aeabi_                  - Undefined Weak Reference
    __cxa_finalize                            - Undefined Weak Reference
    _clock_init                               - Undefined Weak Reference
    _microlib_exit                            - Undefined Weak Reference
    __Vectors_Size                           0x00000130   Number         0  startup_stm32f10x_hd.o ABSOLUTE
    __Vectors                                0x08000000   Data           4  startup_stm32f10x_hd.o(RESET)
    __Vectors_End                            0x08000130   Data           0  startup_stm32f10x_hd.o(RESET)
    __main                                   0x08000131   Thumb Code     0  entry.o(.ARM.Collect$$$$00000000)
    _main_stk                                0x08000131   Thumb Code     0  entry2.o(.ARM.Collect$$$$00000001)
    _main_scatterload                        0x08000135   Thumb Code     0  entry5.o(.ARM.Collect$$$$00000004)
    __main_after_scatterload                 0x08000139   Thumb Code     0  entry5.o(.ARM.Collect$$$$00000004)
    _main_clock                              0x08000139   Thumb Code     0  entry7b.o(.ARM.Collect$$$$00000008)
    _main_cpp_init                           0x08000139   Thumb Code     0  entry8b.o(.ARM.Collect$$$$0000000A)
    _main_init                               0x08000139   Thumb Code     0  entry9a.o(.ARM.Collect$$$$0000000B)
    __rt_final_cpp                           0x08000141   Thumb Code     0  entry10a.o(.ARM.Collect$$$$0000000D)
    __rt_final_exit                          0x08000141   Thumb Code     0  entry11a.o(.ARM.Collect$$$$0000000F)
    Reset_Handler                            0x08000145   Thumb Code     8  startup_stm32f10x_hd.o(.text)
    ADC1_2_IRQHandler                        0x0800015f   Thumb Code     0  startup_stm32f10x_hd.o(.text)
    ADC3_IRQHandler                          0x0800015f   Thumb Code     0  startup_stm32f10x_hd.o(.text)
    CAN1_RX1_IRQHandler                      0x0800015f   Thumb Code     0  startup_stm32f10x_hd.o(.text)
    CAN1_SCE_IRQHandler                      0x0800015f   Thumb Code     0  startup_stm32f10x_hd.o(.text)
    DMA1_Channel1_IRQHandler                 0x0800015f   Thumb Code     0  startup_stm32f10x_hd.o(.text)
    DMA1_Channel2_IRQHandler                 0x0800015f   Thumb Code     0  startup_stm32f10x_hd.o(.text)
    DMA1_Channel3_IRQHandler                 0x0800015f   Thumb Code     0  startup_stm32f10x_hd.o(.text)
    DMA1_Channel4_IRQHandler                 0x0800015f   Thumb Code     0  startup_stm32f10x_hd.o(.text)
    DMA1_Channel5_IRQHandler                 0x0800015f   Thumb Code     0  startup_stm32f10x_hd.o(.text)
    DMA1_Channel6_IRQHandler                 0x0800015f   Thumb Code     0  startup_stm32f10x_hd.o(.text)
    DMA1_Channel7_IRQHandler                 0x0800015f   Thumb Code     0  startup_stm32f10x_hd.o(.text)
    DMA2_Channel1_IRQHandler                 0x0800015f   Thumb Code     0  startup_stm32f10x_hd.o(.text)
    DMA2_Channel2_IRQHandler                 0x0800015f   Thumb Code     0  startup_stm32f10x_hd.o(.text)
    DMA2_Channel3_IRQHandler                 0x0800015f   Thumb Code     0  startup_stm32f10x_hd.o(.text)
    DMA2_Channel4_5_IRQHandler               0x0800015f   Thumb Code     0  startup_stm32f10x_hd.o(.text)
    EXTI0_IRQHandler                         0x0800015f   Thumb Code     0  startup_stm32f10x_hd.o(.text)
    EXTI15_10_IRQHandler                     0x0800015f   Thumb Code     0  startup_stm32f10x_hd.o(.text)
    EXTI1_IRQHandler                         0x0800015f   Thumb Code     0  startup_stm32f10x_hd.o(.text)
    EXTI2_IRQHandler                         0x0800015f   Thumb Code     0  startup_stm32f10x_hd.o(.text)
    EXTI3_IRQHandler                         0x0800015f   Thumb Code     0  startup_stm32f10x_hd.o(.text)
    EXTI4_IRQHandler                         0x0800015f   Thumb Code     0  startup_stm32f10x_hd.o(.text)
    EXTI9_5_IRQHandler                       0x0800015f   Thumb Code     0  startup_stm32f10x_hd.o(.text)
    FLASH_IRQHandler                         0x0800015f   Thumb Code     0  startup_stm32f10x_hd.o(.text)
    FSMC_IRQHandler                          0x0800015f   Thumb Code     0  startup_stm32f10x_hd.o(.text)
    I2C1_ER_IRQHandler                       0x0800015f   Thumb Code     0  startup_stm32f10x_hd.o(.text)
    I2C1_EV_IRQHandler                       0x0800015f   Thumb Code     0  startup_stm32f10x_hd.o(.text)
    I2C2_ER_IRQHandler                       0x0800015f   Thumb Code     0  startup_stm32f10x_hd.o(.text)
    I2C2_EV_IRQHandler                       0x0800015f   Thumb Code     0  startup_stm32f10x_hd.o(.text)
    PVD_IRQHandler                           0x0800015f   Thumb Code     0  startup_stm32f10x_hd.o(.text)
    RCC_IRQHandler                           0x0800015f   Thumb Code     0  startup_stm32f10x_hd.o(.text)
    RTCAlarm_IRQHandler                      0x0800015f   Thumb Code     0  startup_stm32f10x_hd.o(.text)
    RTC_IRQHandler                           0x0800015f   Thumb Code     0  startup_stm32f10x_hd.o(.text)
    SDIO_IRQHandler                          0x0800015f   Thumb Code     0  startup_stm32f10x_hd.o(.text)
    SPI1_IRQHandler                          0x0800015f   Thumb Code     0  startup_stm32f10x_hd.o(.text)
    SPI2_IRQHandler                          0x0800015f   Thumb Code     0  startup_stm32f10x_hd.o(.text)
    SPI3_IRQHandler                          0x0800015f   Thumb Code     0  startup_stm32f10x_hd.o(.text)
    TAMPER_IRQHandler                        0x0800015f   Thumb Code     0  startup_stm32f10x_hd.o(.text)
    TIM1_BRK_IRQHandler                      0x0800015f   Thumb Code     0  startup_stm32f10x_hd.o(.text)
    TIM1_CC_IRQHandler                       0x0800015f   Thumb Code     0  startup_stm32f10x_hd.o(.text)
    TIM1_TRG_COM_IRQHandler                  0x0800015f   Thumb Code     0  startup_stm32f10x_hd.o(.text)
    TIM1_UP_IRQHandler                       0x0800015f   Thumb Code     0  startup_stm32f10x_hd.o(.text)
    TIM2_IRQHandler                          0x0800015f   Thumb Code     0  startup_stm32f10x_hd.o(.text)
    TIM3_IRQHandler                          0x0800015f   Thumb Code     0  startup_stm32f10x_hd.o(.text)
    TIM4_IRQHandler                          0x0800015f   Thumb Code     0  startup_stm32f10x_hd.o(.text)
    TIM5_IRQHandler                          0x0800015f   Thumb Code     0  startup_stm32f10x_hd.o(.text)
    TIM7_IRQHandler                          0x0800015f   Thumb Code     0  startup_stm32f10x_hd.o(.text)
    TIM8_BRK_IRQHandler                      0x0800015f   Thumb Code     0  startup_stm32f10x_hd.o(.text)
    TIM8_CC_IRQHandler                       0x0800015f   Thumb Code     0  startup_stm32f10x_hd.o(.text)
    TIM8_TRG_COM_IRQHandler                  0x0800015f   Thumb Code     0  startup_stm32f10x_hd.o(.text)
    TIM8_UP_IRQHandler                       0x0800015f   Thumb Code     0  startup_stm32f10x_hd.o(.text)
    UART4_IRQHandler                         0x0800015f   Thumb Code     0  startup_stm32f10x_hd.o(.text)
    UART5_IRQHandler                         0x0800015f   Thumb Code     0  startup_stm32f10x_hd.o(.text)
    USART1_IRQHandler                        0x0800015f   Thumb Code     0  startup_stm32f10x_hd.o(.text)
    USART2_IRQHandler                        0x0800015f   Thumb Code     0  startup_stm32f10x_hd.o(.text)
    USART3_IRQHandler                        0x0800015f   Thumb Code     0  startup_stm32f10x_hd.o(.text)
    USBWakeUp_IRQHandler                     0x0800015f   Thumb Code     0  startup_stm32f10x_hd.o(.text)
    USB_HP_CAN1_TX_IRQHandler                0x0800015f   Thumb Code     0  startup_stm32f10x_hd.o(.text)
    USB_LP_CAN1_RX0_IRQHandler               0x0800015f   Thumb Code     0  startup_stm32f10x_hd.o(.text)
    WWDG_IRQHandler                          0x0800015f   Thumb Code     0  startup_stm32f10x_hd.o(.text)
    rand                                     0x08000169   Thumb Code    20  rand.o(.text)
    srand                                    0x0800017d   Thumb Code     6  rand.o(.text)
    __aeabi_memcpy                           0x0800018d   Thumb Code    36  memcpya.o(.text)
    __aeabi_memcpy4                          0x0800018d   Thumb Code     0  memcpya.o(.text)
    __aeabi_memcpy8                          0x0800018d   Thumb Code     0  memcpya.o(.text)
    __aeabi_memset                           0x080001b1   Thumb Code    14  memseta.o(.text)
    __aeabi_memset4                          0x080001b1   Thumb Code     0  memseta.o(.text)
    __aeabi_memset8                          0x080001b1   Thumb Code     0  memseta.o(.text)
    __aeabi_memclr                           0x080001bf   Thumb Code     4  memseta.o(.text)
    __aeabi_memclr4                          0x080001bf   Thumb Code     0  memseta.o(.text)
    __aeabi_memclr8                          0x080001bf   Thumb Code     0  memseta.o(.text)
    _memset$wrapper                          0x080001c3   Thumb Code    18  memseta.o(.text)
    __aeabi_fadd                             0x080001d5   Thumb Code   164  fadd.o(.text)
    __aeabi_fsub                             0x08000279   Thumb Code     6  fadd.o(.text)
    __aeabi_frsub                            0x0800027f   Thumb Code     6  fadd.o(.text)
    __aeabi_fmul                             0x08000285   Thumb Code   100  fmul.o(.text)
    __aeabi_i2f                              0x080002e9   Thumb Code    18  fflti.o(.text)
    __aeabi_f2iz                             0x080002fb   Thumb Code    50  ffixi.o(.text)
    __aeabi_uidiv                            0x0800032d   Thumb Code     0  uidiv.o(.text)
    __aeabi_uidivmod                         0x0800032d   Thumb Code    44  uidiv.o(.text)
    __I$use$fp                               0x08000359   Thumb Code     0  iusefp.o(.text)
    _float_round                             0x08000359   Thumb Code    18  fepilogue.o(.text)
    _float_epilogue                          0x0800036b   Thumb Code    92  fepilogue.o(.text)
    __scatterload                            0x080003c9   Thumb Code    28  init.o(.text)
    __scatterload_rt2                        0x080003c9   Thumb Code     0  init.o(.text)
    __decompress                             0x080003ed   Thumb Code     0  __dczerorl2.o(.text)
    __decompress1                            0x080003ed   Thumb Code    86  __dczerorl2.o(.text)
    ADC_Cmd                                  0x08000443   Thumb Code    22  stm32f10x_adc.o(i.ADC_Cmd)
    ADC_DMACmd                               0x08000459   Thumb Code    22  stm32f10x_adc.o(i.ADC_DMACmd)
    ADC_GetCalibrationStatus                 0x0800046f   Thumb Code    20  stm32f10x_adc.o(i.ADC_GetCalibrationStatus)
    ADC_GetResetCalibrationStatus            0x08000483   Thumb Code    20  stm32f10x_adc.o(i.ADC_GetResetCalibrationStatus)
    ADC_Init                                 0x08000499   Thumb Code    70  stm32f10x_adc.o(i.ADC_Init)
    ADC_RegularChannelConfig                 0x080004e9   Thumb Code   184  stm32f10x_adc.o(i.ADC_RegularChannelConfig)
    ADC_ResetCalibration                     0x080005a1   Thumb Code    10  stm32f10x_adc.o(i.ADC_ResetCalibration)
    ADC_SoftwareStartConvCmd                 0x080005ab   Thumb Code    22  stm32f10x_adc.o(i.ADC_SoftwareStartConvCmd)
    ADC_StartCalibration                     0x080005c1   Thumb Code    10  stm32f10x_adc.o(i.ADC_StartCalibration)
    ADCx_Init                                0x080005f1   Thumb Code    12  bsp_adc.o(i.ADCx_Init)
    BASIC_TIM_Init                           0x080006ed   Thumb Code    12  bsp_timbase.o(i.BASIC_TIM_Init)
    BusFault_Handler                         0x08000761   Thumb Code     4  stm32f10x_it.o(i.BusFault_Handler)
    ButtonDetect                             0x08000765   Thumb Code   154  bsp_key.o(i.ButtonDetect)
    ButtonEventHandler                       0x0800080d   Thumb Code   110  bsp_key.o(i.ButtonEventHandler)
    Command_Control_Direction                0x0800089d   Thumb Code   100  palette.o(i.Command_Control_Direction)
    DMA_Cmd                                  0x0800090d   Thumb Code    24  stm32f10x_dma.o(i.DMA_Cmd)
    DMA_DeInit                               0x08000925   Thumb Code   324  stm32f10x_dma.o(i.DMA_DeInit)
    DMA_Init                                 0x08000a71   Thumb Code    60  stm32f10x_dma.o(i.DMA_Init)
    DebugMon_Handler                         0x08000aad   Thumb Code     2  stm32f10x_it.o(i.DebugMon_Handler)
    Delay                                    0x08000aaf   Thumb Code    18  palette.o(i.Delay)
    FSMC_NORSRAMCmd                          0x08000ca5   Thumb Code    46  stm32f10x_fsmc.o(i.FSMC_NORSRAMCmd)
    FSMC_NORSRAMInit                         0x08000cd9   Thumb Code   230  stm32f10x_fsmc.o(i.FSMC_NORSRAMInit)
    GPIO_Init                                0x08000dbf   Thumb Code   278  stm32f10x_gpio.o(i.GPIO_Init)
    GPIO_ReadInputDataBit                    0x08000ed5   Thumb Code    18  stm32f10x_gpio.o(i.GPIO_ReadInputDataBit)
    GPIO_ResetBits                           0x08000ee7   Thumb Code     4  stm32f10x_gpio.o(i.GPIO_ResetBits)
    GPIO_SetBits                             0x08000eeb   Thumb Code     4  stm32f10x_gpio.o(i.GPIO_SetBits)
    GetGBKCode_from_EXFlash                  0x08000ef1   Thumb Code    74  fonts.o(i.GetGBKCode_from_EXFlash)
    HardFault_Handler                        0x08000f45   Thumb Code     4  stm32f10x_it.o(i.HardFault_Handler)
    ILI9341_BackLed_Control                  0x08000f49   Thumb Code    30  bsp_ili9341_lcd.o(i.ILI9341_BackLed_Control)
    ILI9341_Clear                            0x08000f6d   Thumb Code    40  bsp_ili9341_lcd.o(i.ILI9341_Clear)
    ILI9341_DispChar_CH                      0x08000fad   Thumb Code   122  bsp_ili9341_lcd.o(i.ILI9341_DispChar_CH)
    ILI9341_DispChar_EN                      0x08001031   Thumb Code   138  bsp_ili9341_lcd.o(i.ILI9341_DispChar_EN)
    ILI9341_DispString_EN_CH                 0x080010c9   Thumb Code   168  bsp_ili9341_lcd.o(i.ILI9341_DispString_EN_CH)
    ILI9341_DrawLine                         0x0800117d   Thumb Code   160  bsp_ili9341_lcd.o(i.ILI9341_DrawLine)
    ILI9341_DrawRectangle                    0x0800121d   Thumb Code   132  bsp_ili9341_lcd.o(i.ILI9341_DrawRectangle)
    ILI9341_GramScan                         0x080014bd   Thumb Code   172  bsp_ili9341_lcd.o(i.ILI9341_GramScan)
    ILI9341_Init                             0x08001575   Thumb Code    34  bsp_ili9341_lcd.o(i.ILI9341_Init)
    ILI9341_OpenWindow                       0x0800159d   Thumb Code    96  bsp_ili9341_lcd.o(i.ILI9341_OpenWindow)
    ILI9341_Rst                              0x0800182d   Thumb Code    36  bsp_ili9341_lcd.o(i.ILI9341_Rst)
    ILI9341_SetPointPixel                    0x08001869   Thumb Code    42  bsp_ili9341_lcd.o(i.ILI9341_SetPointPixel)
    ILI9341_Write_Cmd                        0x080018a1   Thumb Code     8  bsp_ili9341_lcd.o(i.ILI9341_Write_Cmd)
    ILI9341_Write_Data                       0x080018a9   Thumb Code     6  bsp_ili9341_lcd.o(i.ILI9341_Write_Data)
    Key_GPIO_Config                          0x080018b5   Thumb Code    54  bsp_key.o(i.Key_GPIO_Config)
    Key_Scan                                 0x080018f5   Thumb Code    38  bsp_key.o(i.Key_Scan)
    LCD_SetBackColor                         0x08001925   Thumb Code     6  bsp_ili9341_lcd.o(i.LCD_SetBackColor)
    LCD_SetColors                            0x08001931   Thumb Code    10  bsp_ili9341_lcd.o(i.LCD_SetColors)
    LCD_SetFont                              0x08001945   Thumb Code     6  bsp_ili9341_lcd.o(i.LCD_SetFont)
    LCD_SetTextColor                         0x08001951   Thumb Code     6  bsp_ili9341_lcd.o(i.LCD_SetTextColor)
    LED_GPIO_Config                          0x0800195d   Thumb Code    90  bsp_led.o(i.LED_GPIO_Config)
    MemManage_Handler                        0x080019bd   Thumb Code     4  stm32f10x_it.o(i.MemManage_Handler)
    NMI_Handler                              0x080019c1   Thumb Code     2  stm32f10x_it.o(i.NMI_Handler)
    NVIC_Init                                0x080019c5   Thumb Code   100  misc.o(i.NVIC_Init)
    NVIC_PriorityGroupConfig                 0x08001a35   Thumb Code    10  misc.o(i.NVIC_PriorityGroupConfig)
    Palette_Init                             0x08001a49   Thumb Code    78  palette.o(i.Palette_Init)
    PendSV_Handler                           0x08001aad   Thumb Code     2  stm32f10x_it.o(i.PendSV_Handler)
    RCC_ADCCLKConfig                         0x08001ab1   Thumb Code    18  stm32f10x_rcc.o(i.RCC_ADCCLKConfig)
    RCC_AHBPeriphClockCmd                    0x08001ac9   Thumb Code    26  stm32f10x_rcc.o(i.RCC_AHBPeriphClockCmd)
    RCC_APB1PeriphClockCmd                   0x08001ae9   Thumb Code    26  stm32f10x_rcc.o(i.RCC_APB1PeriphClockCmd)
    RCC_APB2PeriphClockCmd                   0x08001b09   Thumb Code    26  stm32f10x_rcc.o(i.RCC_APB2PeriphClockCmd)
    SPI_Cmd                                  0x08001b29   Thumb Code    24  stm32f10x_spi.o(i.SPI_Cmd)
    SPI_FLASH_BufferRead                     0x08001b41   Thumb Code    76  bsp_spi_flash.o(i.SPI_FLASH_BufferRead)
    SPI_FLASH_Init                           0x08001b91   Thumb Code   178  bsp_spi_flash.o(i.SPI_FLASH_Init)
    SPI_FLASH_SendByte                       0x08001c51   Thumb Code   110  bsp_spi_flash.o(i.SPI_FLASH_SendByte)
    SPI_I2S_GetFlagStatus                    0x08001cc9   Thumb Code    18  stm32f10x_spi.o(i.SPI_I2S_GetFlagStatus)
    SPI_I2S_ReceiveData                      0x08001cdb   Thumb Code     6  stm32f10x_spi.o(i.SPI_I2S_ReceiveData)
    SPI_I2S_SendData                         0x08001ce1   Thumb Code     4  stm32f10x_spi.o(i.SPI_I2S_SendData)
    SPI_Init                                 0x08001ce5   Thumb Code    60  stm32f10x_spi.o(i.SPI_Init)
    SVC_Handler                              0x08001d61   Thumb Code     2  stm32f10x_it.o(i.SVC_Handler)
    Snake_Init                               0x08001e4d   Thumb Code   108  palette.o(i.Snake_Init)
    Square_Init                              0x08001ec9   Thumb Code     8  palette.o(i.Square_Init)
    SysTick_Handler                          0x08001ed1   Thumb Code     2  stm32f10x_it.o(i.SysTick_Handler)
    SystemInit                               0x08001ed5   Thumb Code    78  system_stm32f10x.o(i.SystemInit)
    TIM6_IRQHandler                          0x08001f35   Thumb Code    30  stm32f10x_it.o(i.TIM6_IRQHandler)
    TIM_ClearFlag                            0x08001f59   Thumb Code     6  stm32f10x_tim.o(i.TIM_ClearFlag)
    TIM_ClearITPendingBit                    0x08001f5f   Thumb Code     6  stm32f10x_tim.o(i.TIM_ClearITPendingBit)
    TIM_Cmd                                  0x08001f65   Thumb Code    24  stm32f10x_tim.o(i.TIM_Cmd)
    TIM_GetITStatus                          0x08001f7d   Thumb Code    34  stm32f10x_tim.o(i.TIM_GetITStatus)
    TIM_ITConfig                             0x08001f9f   Thumb Code    18  stm32f10x_tim.o(i.TIM_ITConfig)
    TIM_TimeBaseInit                         0x08001fb1   Thumb Code   122  stm32f10x_tim.o(i.TIM_TimeBaseInit)
    Touch_Button_Down                        0x08002055   Thumb Code   178  palette.o(i.Touch_Button_Down)
    Touch_Button_Init                        0x0800210d   Thumb Code   210  palette.o(i.Touch_Button_Init)
    Touch_Button_Up                          0x080021f1   Thumb Code    22  palette.o(i.Touch_Button_Up)
    USART_GetFlagStatus                      0x0800220d   Thumb Code    26  stm32f10x_usart.o(i.USART_GetFlagStatus)
    USART_SendData                           0x08002227   Thumb Code     8  stm32f10x_usart.o(i.USART_SendData)
    UsageFault_Handler                       0x0800222f   Thumb Code     4  stm32f10x_it.o(i.UsageFault_Handler)
    XPT2046_Get_TouchedPoint                 0x08002251   Thumb Code   232  bsp_xpt2046_lcd.o(i.XPT2046_Get_TouchedPoint)
    XPT2046_TouchDetect                      0x0800251d   Thumb Code   162  bsp_xpt2046_lcd.o(i.XPT2046_TouchDetect)
    XPT2046_TouchDown                        0x080025cd   Thumb Code    38  bsp_xpt2046_lcd.o(i.XPT2046_TouchDown)
    XPT2046_TouchEvenHandler                 0x080025f5   Thumb Code   110  bsp_xpt2046_lcd.o(i.XPT2046_TouchEvenHandler)
    XPT2046_TouchUp                          0x08002675   Thumb Code    38  bsp_xpt2046_lcd.o(i.XPT2046_TouchUp)
    __0printf$6                              0x08002701   Thumb Code    22  printf6.o(i.__0printf$6)
    __1printf$6                              0x08002701   Thumb Code     0  printf6.o(i.__0printf$6)
    __2printf                                0x08002701   Thumb Code     0  printf6.o(i.__0printf$6)
    __0sprintf$6                             0x08002721   Thumb Code    34  printf6.o(i.__0sprintf$6)
    __1sprintf$6                             0x08002721   Thumb Code     0  printf6.o(i.__0sprintf$6)
    __2sprintf                               0x08002721   Thumb Code     0  printf6.o(i.__0sprintf$6)
    __scatterload_copy                       0x08002749   Thumb Code    14  handlers.o(i.__scatterload_copy)
    __scatterload_null                       0x08002757   Thumb Code     2  handlers.o(i.__scatterload_null)
    __scatterload_zeroinit                   0x08002759   Thumb Code    14  handlers.o(i.__scatterload_zeroinit)
    creatFood                                0x08002ab5   Thumb Code   126  palette.o(i.creatFood)
    fputc                                    0x08002e71   Thumb Code    32  bsp_usart.o(i.fputc)
    free                                     0x08002e95   Thumb Code    76  malloc.o(i.free)
    judgeAlive                               0x08002f45   Thumb Code   138  palette.o(i.judgeAlive)
    main                                     0x08002fdd   Thumb Code    32  main.o(i.main)
    malloc                                   0x08003001   Thumb Code    92  malloc.o(i.malloc)
    snakeMove                                0x0800306d   Thumb Code   504  palette.o(i.snakeMove)
    ASCII8x16_Table                          0x08003308   Data        1520  fonts.o(.constdata)
    ASCII16x24_Table                         0x080038f8   Data        4560  fonts.o(.constdata)
    ASCII24x32_Table                         0x08004ac8   Data        9120  fonts.o(.constdata)
    Region$$Table$$Base                      0x08006e9c   Number         0  anon$$obj.o(Region$$Table)
    Region$$Table$$Limit                     0x08006ebc   Number         0  anon$$obj.o(Region$$Table)
    Font8x16                                 0x20000004   Data           8  fonts.o(.data)
    Font16x24                                0x2000000c   Data           8  fonts.o(.data)
    Font24x32                                0x20000014   Data           8  fonts.o(.data)
    head                                     0x20000020   Data           4  palette.o(.data)
    status                                   0x20000024   Data           1  palette.o(.data)
    MODE                                     0x20000025   Data           1  palette.o(.data)
    score                                    0x20000028   Data           4  palette.o(.data)
    hiscore                                  0x2000002c   Data           4  palette.o(.data)
    die                                      0x20000030   Data           4  palette.o(.data)
    speed_factor                             0x20000034   Data           4  palette.o(.data)
    snake_lives                              0x20000038   Data           4  palette.o(.data)
    ADC_ConvertedValue                       0x2000003c   Data           2  bsp_adc.o(.data)
    strXPT2046_TouchPara                     0x20000050   Data         192  bsp_xpt2046_lcd.o(.data)
    ucXPT2046_TouchFlag                      0x20000110   Data           1  bsp_xpt2046_lcd.o(.data)
    LCD_X_LENGTH                             0x20000130   Data           2  bsp_ili9341_lcd.o(.data)
    LCD_Y_LENGTH                             0x20000132   Data           2  bsp_ili9341_lcd.o(.data)
    LCD_SCAN_MODE                            0x20000134   Data           1  bsp_ili9341_lcd.o(.data)
    __stdout                                 0x20000144   Data           4  stdout.o(.data)
    __microlib_freelist                      0x20000148   Data           4  mvars.o(.data)
    __microlib_freelist_initialised          0x2000014c   Data           4  mvars.o(.data)
    button                                   0x20000150   Data         120  palette.o(.bss)
    food1                                    0x200001c8   Data          12  palette.o(.bss)
    __heap_base                              0x200001d8   Data           0  startup_stm32f10x_hd.o(HEAP)
    __heap_limit                             0x200011d8   Data           0  startup_stm32f10x_hd.o(HEAP)
    __initial_sp                             0x200021d8   Data           0  startup_stm32f10x_hd.o(STACK)



==============================================================================

Memory Map of the image

  Image Entry point : 0x08000131

  Load Region LR_IROM1 (Base: 0x08000000, Size: 0x0000700c, Max: 0x00080000, ABSOLUTE, COMPRESSED[0x00006fb8])

    Execution Region ER_IROM1 (Exec base: 0x08000000, Load base: 0x08000000, Size: 0x00006ebc, Max: 0x00080000, ABSOLUTE)

    Exec Addr    Load Addr    Size         Type   Attr      Idx    E Section Name        Object

    0x08000000   0x08000000   0x00000130   Data   RO            3    RESET               startup_stm32f10x_hd.o
    0x08000130   0x08000130   0x00000000   Code   RO         3989  * .ARM.Collect$$$$00000000  mc_w.l(entry.o)
    0x08000130   0x08000130   0x00000004   Code   RO         4314    .ARM.Collect$$$$00000001  mc_w.l(entry2.o)
    0x08000134   0x08000134   0x00000004   Code   RO         4317    .ARM.Collect$$$$00000004  mc_w.l(entry5.o)
    0x08000138   0x08000138   0x00000000   Code   RO         4319    .ARM.Collect$$$$00000008  mc_w.l(entry7b.o)
    0x08000138   0x08000138   0x00000000   Code   RO         4321    .ARM.Collect$$$$0000000A  mc_w.l(entry8b.o)
    0x08000138   0x08000138   0x00000008   Code   RO         4322    .ARM.Collect$$$$0000000B  mc_w.l(entry9a.o)
    0x08000140   0x08000140   0x00000000   Code   RO         4324    .ARM.Collect$$$$0000000D  mc_w.l(entry10a.o)
    0x08000140   0x08000140   0x00000000   Code   RO         4326    .ARM.Collect$$$$0000000F  mc_w.l(entry11a.o)
    0x08000140   0x08000140   0x00000004   Code   RO         4315    .ARM.Collect$$$$00002712  mc_w.l(entry2.o)
    0x08000144   0x08000144   0x00000024   Code   RO            4    .text               startup_stm32f10x_hd.o
    0x08000168   0x08000168   0x00000024   Code   RO         3992    .text               mc_w.l(rand.o)
    0x0800018c   0x0800018c   0x00000024   Code   RO         3995    .text               mc_w.l(memcpya.o)
    0x080001b0   0x080001b0   0x00000024   Code   RO         3997    .text               mc_w.l(memseta.o)
    0x080001d4   0x080001d4   0x000000b0   Code   RO         4292    .text               mf_w.l(fadd.o)
    0x08000284   0x08000284   0x00000064   Code   RO         4294    .text               mf_w.l(fmul.o)
    0x080002e8   0x080002e8   0x00000012   Code   RO         4302    .text               mf_w.l(fflti.o)
    0x080002fa   0x080002fa   0x00000032   Code   RO         4304    .text               mf_w.l(ffixi.o)
    0x0800032c   0x0800032c   0x0000002c   Code   RO         4329    .text               mc_w.l(uidiv.o)
    0x08000358   0x08000358   0x00000000   Code   RO         4335    .text               mc_w.l(iusefp.o)
    0x08000358   0x08000358   0x0000006e   Code   RO         4336    .text               mf_w.l(fepilogue.o)
    0x080003c6   0x080003c6   0x00000002   PAD
    0x080003c8   0x080003c8   0x00000024   Code   RO         4346    .text               mc_w.l(init.o)
    0x080003ec   0x080003ec   0x00000056   Code   RO         4362    .text               mc_w.l(__dczerorl2.o)
    0x08000442   0x08000442   0x00000016   Code   RO          183    i.ADC_Cmd           stm32f10x_adc.o
    0x08000458   0x08000458   0x00000016   Code   RO          184    i.ADC_DMACmd        stm32f10x_adc.o
    0x0800046e   0x0800046e   0x00000014   Code   RO          191    i.ADC_GetCalibrationStatus  stm32f10x_adc.o
    0x08000482   0x08000482   0x00000014   Code   RO          197    i.ADC_GetResetCalibrationStatus  stm32f10x_adc.o
    0x08000496   0x08000496   0x00000002   PAD
    0x08000498   0x08000498   0x00000050   Code   RO          201    i.ADC_Init          stm32f10x_adc.o
    0x080004e8   0x080004e8   0x000000b8   Code   RO          205    i.ADC_RegularChannelConfig  stm32f10x_adc.o
    0x080005a0   0x080005a0   0x0000000a   Code   RO          206    i.ADC_ResetCalibration  stm32f10x_adc.o
    0x080005aa   0x080005aa   0x00000016   Code   RO          208    i.ADC_SoftwareStartConvCmd  stm32f10x_adc.o
    0x080005c0   0x080005c0   0x0000000a   Code   RO          210    i.ADC_StartCalibration  stm32f10x_adc.o
    0x080005ca   0x080005ca   0x00000002   PAD
    0x080005cc   0x080005cc   0x00000024   Code   RO         3532    i.ADCx_GPIO_Config  bsp_adc.o
    0x080005f0   0x080005f0   0x0000000c   Code   RO         3533    i.ADCx_Init         bsp_adc.o
    0x080005fc   0x080005fc   0x000000f0   Code   RO         3534    i.ADCx_Mode_Config  bsp_adc.o
    0x080006ec   0x080006ec   0x0000000c   Code   RO         3557    i.BASIC_TIM_Init    bsp_timbase.o
    0x080006f8   0x080006f8   0x00000040   Code   RO         3558    i.BASIC_TIM_Mode_Config  bsp_timbase.o
    0x08000738   0x08000738   0x00000028   Code   RO         3559    i.BASIC_TIM_NVIC_Config  bsp_timbase.o
    0x08000760   0x08000760   0x00000004   Code   RO         3158    i.BusFault_Handler  stm32f10x_it.o
    0x08000764   0x08000764   0x000000a8   Code   RO         3579    i.ButtonDetect      bsp_key.o
    0x0800080c   0x0800080c   0x00000078   Code   RO         3581    i.ButtonEventHandler  bsp_key.o
    0x08000884   0x08000884   0x00000018   Code   RO         3391    i.Command_Change_Mode  palette.o
    0x0800089c   0x0800089c   0x00000070   Code   RO         3392    i.Command_Control_Direction  palette.o
    0x0800090c   0x0800090c   0x00000018   Code   RO         1096    i.DMA_Cmd           stm32f10x_dma.o
    0x08000924   0x08000924   0x0000014c   Code   RO         1097    i.DMA_DeInit        stm32f10x_dma.o
    0x08000a70   0x08000a70   0x0000003c   Code   RO         1102    i.DMA_Init          stm32f10x_dma.o
    0x08000aac   0x08000aac   0x00000002   Code   RO         3159    i.DebugMon_Handler  stm32f10x_it.o
    0x08000aae   0x08000aae   0x00000012   Code   RO         3393    i.Delay             palette.o
    0x08000ac0   0x08000ac0   0x000001c0   Code   RO         3394    i.Draw_Direction_Button  palette.o
    0x08000c80   0x08000c80   0x00000024   Code   RO         3395    i.Draw_Mode_Button  palette.o
    0x08000ca4   0x08000ca4   0x00000034   Code   RO         1177    i.FSMC_NORSRAMCmd   stm32f10x_fsmc.o
    0x08000cd8   0x08000cd8   0x000000e6   Code   RO         1179    i.FSMC_NORSRAMInit  stm32f10x_fsmc.o
    0x08000dbe   0x08000dbe   0x00000116   Code   RO         1292    i.GPIO_Init         stm32f10x_gpio.o
    0x08000ed4   0x08000ed4   0x00000012   Code   RO         1296    i.GPIO_ReadInputDataBit  stm32f10x_gpio.o
    0x08000ee6   0x08000ee6   0x00000004   Code   RO         1299    i.GPIO_ResetBits    stm32f10x_gpio.o
    0x08000eea   0x08000eea   0x00000004   Code   RO         1300    i.GPIO_SetBits      stm32f10x_gpio.o
    0x08000eee   0x08000eee   0x00000002   PAD
    0x08000ef0   0x08000ef0   0x00000054   Code   RO         3372    i.GetGBKCode_from_EXFlash  fonts.o
    0x08000f44   0x08000f44   0x00000004   Code   RO         3160    i.HardFault_Handler  stm32f10x_it.o
    0x08000f48   0x08000f48   0x00000024   Code   RO         3731    i.ILI9341_BackLed_Control  bsp_ili9341_lcd.o
    0x08000f6c   0x08000f6c   0x0000002c   Code   RO         3732    i.ILI9341_Clear     bsp_ili9341_lcd.o
    0x08000f98   0x08000f98   0x00000012   Code   RO         3733    i.ILI9341_Delay     bsp_ili9341_lcd.o
    0x08000faa   0x08000faa   0x00000002   PAD
    0x08000fac   0x08000fac   0x00000084   Code   RO         3734    i.ILI9341_DispChar_CH  bsp_ili9341_lcd.o
    0x08001030   0x08001030   0x00000098   Code   RO         3735    i.ILI9341_DispChar_EN  bsp_ili9341_lcd.o
    0x080010c8   0x080010c8   0x000000b4   Code   RO         3740    i.ILI9341_DispString_EN_CH  bsp_ili9341_lcd.o
    0x0800117c   0x0800117c   0x000000a0   Code   RO         3747    i.ILI9341_DrawLine  bsp_ili9341_lcd.o
    0x0800121c   0x0800121c   0x00000088   Code   RO         3748    i.ILI9341_DrawRectangle  bsp_ili9341_lcd.o
    0x080012a4   0x080012a4   0x0000005e   Code   RO         3749    i.ILI9341_FSMC_Config  bsp_ili9341_lcd.o
    0x08001302   0x08001302   0x00000020   Code   RO         3750    i.ILI9341_FillColor  bsp_ili9341_lcd.o
    0x08001322   0x08001322   0x00000002   PAD
    0x08001324   0x08001324   0x00000198   Code   RO         3751    i.ILI9341_GPIO_Config  bsp_ili9341_lcd.o
    0x080014bc   0x080014bc   0x000000b8   Code   RO         3753    i.ILI9341_GramScan  bsp_ili9341_lcd.o
    0x08001574   0x08001574   0x00000028   Code   RO         3754    i.ILI9341_Init      bsp_ili9341_lcd.o
    0x0800159c   0x0800159c   0x00000060   Code   RO         3755    i.ILI9341_OpenWindow  bsp_ili9341_lcd.o
    0x080015fc   0x080015fc   0x00000230   Code   RO         3756    i.ILI9341_REG_Config  bsp_ili9341_lcd.o
    0x0800182c   0x0800182c   0x00000028   Code   RO         3758    i.ILI9341_Rst       bsp_ili9341_lcd.o
    0x08001854   0x08001854   0x00000014   Code   RO         3759    i.ILI9341_SetCursor  bsp_ili9341_lcd.o
    0x08001868   0x08001868   0x00000038   Code   RO         3760    i.ILI9341_SetPointPixel  bsp_ili9341_lcd.o
    0x080018a0   0x080018a0   0x00000008   Code   RO         3959    i.ILI9341_Write_Cmd  bsp_ili9341_lcd.o
    0x080018a8   0x080018a8   0x0000000c   Code   RO         3964    i.ILI9341_Write_Data  bsp_ili9341_lcd.o
    0x080018b4   0x080018b4   0x00000040   Code   RO         3583    i.Key_GPIO_Config   bsp_key.o
    0x080018f4   0x080018f4   0x00000030   Code   RO         3584    i.Key_Scan          bsp_key.o
    0x08001924   0x08001924   0x0000000c   Code   RO         3765    i.LCD_SetBackColor  bsp_ili9341_lcd.o
    0x08001930   0x08001930   0x00000014   Code   RO         3766    i.LCD_SetColors     bsp_ili9341_lcd.o
    0x08001944   0x08001944   0x0000000c   Code   RO         3767    i.LCD_SetFont       bsp_ili9341_lcd.o
    0x08001950   0x08001950   0x0000000c   Code   RO         3768    i.LCD_SetTextColor  bsp_ili9341_lcd.o
    0x0800195c   0x0800195c   0x00000060   Code   RO         3251    i.LED_GPIO_Config   bsp_led.o
    0x080019bc   0x080019bc   0x00000004   Code   RO         3161    i.MemManage_Handler  stm32f10x_it.o
    0x080019c0   0x080019c0   0x00000002   Code   RO         3162    i.NMI_Handler       stm32f10x_it.o
    0x080019c2   0x080019c2   0x00000002   PAD
    0x080019c4   0x080019c4   0x00000070   Code   RO          137    i.NVIC_Init         misc.o
    0x08001a34   0x08001a34   0x00000014   Code   RO          138    i.NVIC_PriorityGroupConfig  misc.o
    0x08001a48   0x08001a48   0x00000064   Code   RO         3396    i.Palette_Init      palette.o
    0x08001aac   0x08001aac   0x00000002   Code   RO         3163    i.PendSV_Handler    stm32f10x_it.o
    0x08001aae   0x08001aae   0x00000002   PAD
    0x08001ab0   0x08001ab0   0x00000018   Code   RO         1706    i.RCC_ADCCLKConfig  stm32f10x_rcc.o
    0x08001ac8   0x08001ac8   0x00000020   Code   RO         1707    i.RCC_AHBPeriphClockCmd  stm32f10x_rcc.o
    0x08001ae8   0x08001ae8   0x00000020   Code   RO         1708    i.RCC_APB1PeriphClockCmd  stm32f10x_rcc.o
    0x08001b08   0x08001b08   0x00000020   Code   RO         1710    i.RCC_APB2PeriphClockCmd  stm32f10x_rcc.o
    0x08001b28   0x08001b28   0x00000018   Code   RO         2187    i.SPI_Cmd           stm32f10x_spi.o
    0x08001b40   0x08001b40   0x00000050   Code   RO         3263    i.SPI_FLASH_BufferRead  bsp_spi_flash.o
    0x08001b90   0x08001b90   0x000000c0   Code   RO         3266    i.SPI_FLASH_Init    bsp_spi_flash.o
    0x08001c50   0x08001c50   0x00000078   Code   RO         3272    i.SPI_FLASH_SendByte  bsp_spi_flash.o
    0x08001cc8   0x08001cc8   0x00000012   Code   RO         2195    i.SPI_I2S_GetFlagStatus  stm32f10x_spi.o
    0x08001cda   0x08001cda   0x00000006   Code   RO         2198    i.SPI_I2S_ReceiveData  stm32f10x_spi.o
    0x08001ce0   0x08001ce0   0x00000004   Code   RO         2199    i.SPI_I2S_SendData  stm32f10x_spi.o
    0x08001ce4   0x08001ce4   0x0000003c   Code   RO         2200    i.SPI_Init          stm32f10x_spi.o
    0x08001d20   0x08001d20   0x00000040   Code   RO         3279    i.SPI_TIMEOUT_UserCallback  bsp_spi_flash.o
    0x08001d60   0x08001d60   0x00000002   Code   RO         3164    i.SVC_Handler       stm32f10x_it.o
    0x08001d62   0x08001d62   0x00000008   Code   RO           24    i.SetSysClock       system_stm32f10x.o
    0x08001d6a   0x08001d6a   0x00000002   PAD
    0x08001d6c   0x08001d6c   0x000000e0   Code   RO           25    i.SetSysClockTo72   system_stm32f10x.o
    0x08001e4c   0x08001e4c   0x0000007c   Code   RO         3397    i.Snake_Init        palette.o
    0x08001ec8   0x08001ec8   0x00000008   Code   RO         3398    i.Square_Init       palette.o
    0x08001ed0   0x08001ed0   0x00000002   Code   RO         3165    i.SysTick_Handler   stm32f10x_it.o
    0x08001ed2   0x08001ed2   0x00000002   PAD
    0x08001ed4   0x08001ed4   0x00000060   Code   RO           27    i.SystemInit        system_stm32f10x.o
    0x08001f34   0x08001f34   0x00000024   Code   RO         3166    i.TIM6_IRQHandler   stm32f10x_it.o
    0x08001f58   0x08001f58   0x00000006   Code   RO         2336    i.TIM_ClearFlag     stm32f10x_tim.o
    0x08001f5e   0x08001f5e   0x00000006   Code   RO         2337    i.TIM_ClearITPendingBit  stm32f10x_tim.o
    0x08001f64   0x08001f64   0x00000018   Code   RO         2342    i.TIM_Cmd           stm32f10x_tim.o
    0x08001f7c   0x08001f7c   0x00000022   Code   RO         2363    i.TIM_GetITStatus   stm32f10x_tim.o
    0x08001f9e   0x08001f9e   0x00000012   Code   RO         2367    i.TIM_ITConfig      stm32f10x_tim.o
    0x08001fb0   0x08001fb0   0x000000a4   Code   RO         2413    i.TIM_TimeBaseInit  stm32f10x_tim.o
    0x08002054   0x08002054   0x000000b8   Code   RO         3399    i.Touch_Button_Down  palette.o
    0x0800210c   0x0800210c   0x000000e4   Code   RO         3400    i.Touch_Button_Init  palette.o
    0x080021f0   0x080021f0   0x0000001c   Code   RO         3401    i.Touch_Button_Up   palette.o
    0x0800220c   0x0800220c   0x0000001a   Code   RO         2881    i.USART_GetFlagStatus  stm32f10x_usart.o
    0x08002226   0x08002226   0x00000008   Code   RO         2895    i.USART_SendData    stm32f10x_usart.o
    0x0800222e   0x0800222e   0x00000004   Code   RO         3167    i.UsageFault_Handler  stm32f10x_it.o
    0x08002232   0x08002232   0x0000001e   Code   RO         3625    i.XPT2046_DelayUS   bsp_xpt2046_lcd.o
    0x08002250   0x08002250   0x000000ec   Code   RO         3626    i.XPT2046_Get_TouchedPoint  bsp_xpt2046_lcd.o
    0x0800233c   0x0800233c   0x00000010   Code   RO         3628    i.XPT2046_ReadAdc   bsp_xpt2046_lcd.o
    0x0800234c   0x0800234c   0x00000158   Code   RO         3629    i.XPT2046_ReadAdc_Smooth_XY  bsp_xpt2046_lcd.o
    0x080024a4   0x080024a4   0x00000026   Code   RO         3630    i.XPT2046_ReadAdc_XY  bsp_xpt2046_lcd.o
    0x080024ca   0x080024ca   0x00000002   PAD
    0x080024cc   0x080024cc   0x00000050   Code   RO         3631    i.XPT2046_ReadCMD   bsp_xpt2046_lcd.o
    0x0800251c   0x0800251c   0x000000b0   Code   RO         3632    i.XPT2046_TouchDetect  bsp_xpt2046_lcd.o
    0x080025cc   0x080025cc   0x00000026   Code   RO         3633    i.XPT2046_TouchDown  bsp_xpt2046_lcd.o
    0x080025f2   0x080025f2   0x00000002   PAD
    0x080025f4   0x080025f4   0x00000080   Code   RO         3634    i.XPT2046_TouchEvenHandler  bsp_xpt2046_lcd.o
    0x08002674   0x08002674   0x00000026   Code   RO         3635    i.XPT2046_TouchUp   bsp_xpt2046_lcd.o
    0x0800269a   0x0800269a   0x00000002   PAD
    0x0800269c   0x0800269c   0x00000064   Code   RO         3637    i.XPT2046_WriteCMD  bsp_xpt2046_lcd.o
    0x08002700   0x08002700   0x00000020   Code   RO         4158    i.__0printf$6       mc_w.l(printf6.o)
    0x08002720   0x08002720   0x00000028   Code   RO         4160    i.__0sprintf$6      mc_w.l(printf6.o)
    0x08002748   0x08002748   0x0000000e   Code   RO         4356    i.__scatterload_copy  mc_w.l(handlers.o)
    0x08002756   0x08002756   0x00000002   Code   RO         4357    i.__scatterload_null  mc_w.l(handlers.o)
    0x08002758   0x08002758   0x0000000e   Code   RO         4358    i.__scatterload_zeroinit  mc_w.l(handlers.o)
    0x08002766   0x08002766   0x00000002   PAD
    0x08002768   0x08002768   0x000002f0   Code   RO         4165    i._printf_core      mc_w.l(printf6.o)
    0x08002a58   0x08002a58   0x00000024   Code   RO         4166    i._printf_post_padding  mc_w.l(printf6.o)
    0x08002a7c   0x08002a7c   0x0000002e   Code   RO         4167    i._printf_pre_padding  mc_w.l(printf6.o)
    0x08002aaa   0x08002aaa   0x0000000a   Code   RO         4169    i._sputc            mc_w.l(printf6.o)
    0x08002ab4   0x08002ab4   0x00000084   Code   RO         3402    i.creatFood         palette.o
    0x08002b38   0x08002b38   0x00000030   Code   RO         3403    i.current_delay     palette.o
    0x08002b68   0x08002b68   0x000000ac   Code   RO         3404    i.draw_head_eyes    palette.o
    0x08002c14   0x08002c14   0x00000034   Code   RO         3405    i.draw_square       palette.o
    0x08002c48   0x08002c48   0x0000002e   Code   RO         3406    i.draw_square_snake  palette.o
    0x08002c76   0x08002c76   0x00000002   PAD
    0x08002c78   0x08002c78   0x00000098   Code   RO         3407    i.draw_title        palette.o
    0x08002d10   0x08002d10   0x00000160   Code   RO         3638    i.flow_color_led    bsp_xpt2046_lcd.o
    0x08002e70   0x08002e70   0x00000024   Code   RO         3229    i.fputc             bsp_usart.o
    0x08002e94   0x08002e94   0x00000050   Code   RO         4264    i.free              mc_w.l(malloc.o)
    0x08002ee4   0x08002ee4   0x00000060   Code   RO         3408    i.gen_random_pos    palette.o
    0x08002f44   0x08002f44   0x00000098   Code   RO         3409    i.judgeAlive        palette.o
    0x08002fdc   0x08002fdc   0x00000024   Code   RO         3108    i.main              main.o
    0x08003000   0x08003000   0x0000006c   Code   RO         4265    i.malloc            mc_w.l(malloc.o)
    0x0800306c   0x0800306c   0x00000244   Code   RO         3410    i.snakeMove         palette.o
    0x080032b0   0x080032b0   0x00000058   Code   RO         3411    i.snake_half_length  palette.o
    0x08003308   0x08003308   0x00003b60   Data   RO         3373    .constdata          fonts.o
    0x08006e68   0x08006e68   0x00000010   Data   RO         3413    .constdata          palette.o
    0x08006e78   0x08006e78   0x00000022   Data   RO         3639    .constdata          bsp_xpt2046_lcd.o
    0x08006e9a   0x08006e9a   0x00000002   PAD
    0x08006e9c   0x08006e9c   0x00000020   Data   RO         4354    Region$$Table       anon$$obj.o


    Execution Region RW_IRAM1 (Exec base: 0x20000000, Load base: 0x08006ebc, Size: 0x000021d8, Max: 0x00010000, ABSOLUTE, COMPRESSED[0x000000fc])

    Exec Addr    Load Addr    Size         Type   Attr      Idx    E Section Name        Object

    0x20000000   COMPRESSED   0x00000004   Data   RW         3280    .data               bsp_spi_flash.o
    0x20000004   COMPRESSED   0x00000019   Data   RW         3374    .data               fonts.o
    0x2000001d   COMPRESSED   0x00000003   PAD
    0x20000020   COMPRESSED   0x0000001c   Data   RW         3414    .data               palette.o
    0x2000003c   COMPRESSED   0x00000002   Data   RW         3535    .data               bsp_adc.o
    0x2000003e   COMPRESSED   0x00000002   PAD
    0x20000040   COMPRESSED   0x0000000d   Data   RW         3585    .data               bsp_key.o
    0x2000004d   COMPRESSED   0x00000003   PAD
    0x20000050   COMPRESSED   0x000000e0   Data   RW         3640    .data               bsp_xpt2046_lcd.o
    0x20000130   COMPRESSED   0x00000010   Data   RW         3770    .data               bsp_ili9341_lcd.o
    0x20000140   COMPRESSED   0x00000004   Data   RW         3993    .data               mc_w.l(rand.o)
    0x20000144   COMPRESSED   0x00000004   Data   RW         4328    .data               mc_w.l(stdout.o)
    0x20000148   COMPRESSED   0x00000004   Data   RW         4333    .data               mc_w.l(mvars.o)
    0x2000014c   COMPRESSED   0x00000004   Data   RW         4334    .data               mc_w.l(mvars.o)
    0x20000150        -       0x00000084   Zero   RW         3412    .bss                palette.o
    0x200001d4   COMPRESSED   0x00000004   PAD
    0x200001d8        -       0x00001000   Zero   RW            2    HEAP                startup_stm32f10x_hd.o
    0x200011d8        -       0x00001000   Zero   RW            1    STACK               startup_stm32f10x_hd.o


==============================================================================

Image component sizes


      Code (inc. data)   RO Data    RW Data    ZI Data      Debug   Object Name

       288         18          0          2          0       2081   bsp_adc.o
      2464        134          0         16          0      16382   bsp_ili9341_lcd.o
       400         44          0         13          0       2929   bsp_key.o
        96          6          0          0          0        526   bsp_led.o
       456         76          0          4          0       3041   bsp_spi_flash.o
       116          4          0          0          0       1457   bsp_timbase.o
        36          4          0          0          0        568   bsp_usart.o
      1576         80         34        224          0      11221   bsp_xpt2046_lcd.o
         0          0          0          0          0       4524   core_cm3.o
        84         10      15200         25          0       2207   fonts.o
        36          4          0          0          0       3054   main.o
       132         22          0          0          0       1539   misc.o
      2828        302         16         28        132      14549   palette.o
        36          8        304          0       8192        864   startup_stm32f10x_hd.o
       390         10          0          0          0       7405   stm32f10x_adc.o
       416          8          0          0          0       3426   stm32f10x_dma.o
       282          6          0          0          0       1817   stm32f10x_fsmc.o
       304          0          0          0          0       3660   stm32f10x_gpio.o
        62          6          0          0          0       4352   stm32f10x_it.o
       120         24          0          0          0       2261   stm32f10x_rcc.o
       112          0          0          0          0       3838   stm32f10x_spi.o
       252         42          0          0          0       4094   stm32f10x_tim.o
        34          0          0          0          0       2603   stm32f10x_usart.o
       328         28          0          0          0     275405   system_stm32f10x.o

    ----------------------------------------------------------------------
     10874        836      15588        320       8328     373803   Object Totals
         0          0         32          0          0          0   (incl. Generated)
        26          0          2          8          4          0   (incl. Padding)

    ----------------------------------------------------------------------

      Code (inc. data)   RO Data    RW Data    ZI Data      Debug   Library Member Name

        86          0          0          0          0          0   __dczerorl2.o
         0          0          0          0          0          0   entry.o
         0          0          0          0          0          0   entry10a.o
         0          0          0          0          0          0   entry11a.o
         8          4          0          0          0          0   entry2.o
         4          0          0          0          0          0   entry5.o
         0          0          0          0          0          0   entry7b.o
         0          0          0          0          0          0   entry8b.o
         8          4          0          0          0          0   entry9a.o
        30          0          0          0          0          0   handlers.o
        36          8          0          0          0         68   init.o
         0          0          0          0          0          0   iusefp.o
       188         20          0          0          0        160   malloc.o
        36          0          0          0          0         68   memcpya.o
        36          0          0          0          0        108   memseta.o
         0          0          0          8          0          0   mvars.o
       916         20          0          0          0        504   printf6.o
        36         10          0          4          0        136   rand.o
         0          0          0          4          0          0   stdout.o
        44          0          0          0          0         80   uidiv.o
       176          0          0          0          0        140   fadd.o
       110          0          0          0          0        168   fepilogue.o
        50          0          0          0          0         68   ffixi.o
        18          0          0          0          0         68   fflti.o
       100          0          0          0          0         76   fmul.o

    ----------------------------------------------------------------------
      1886         66          0         16          0       1644   Library Totals
         4          0          0          0          0          0   (incl. Padding)

    ----------------------------------------------------------------------

      Code (inc. data)   RO Data    RW Data    ZI Data      Debug   Library Name

      1428         66          0         16          0       1124   mc_w.l
       454          0          0          0          0        520   mf_w.l

    ----------------------------------------------------------------------
      1886         66          0         16          0       1644   Library Totals

    ----------------------------------------------------------------------

==============================================================================


      Code (inc. data)   RO Data    RW Data    ZI Data      Debug   

     12760        902      15588        336       8328     368607   Grand Totals
     12760        902      15588        252       8328     368607   ELF Image Totals (compressed)
     12760        902      15588        252          0          0   ROM Totals

==============================================================================

    Total RO  Size (Code + RO Data)                28348 (  27.68kB)
    Total RW  Size (RW Data + ZI Data)              8664 (   8.46kB)
    Total ROM Size (Code + RO Data + RW Data)      28600 (  27.93kB)

==============================================================================

